Archive member included to satisfy reference by file (symbol)

c:/program files (x86)/atollic/truestudio for stm32 9.3.0/armtools/bin/../lib/gcc/arm-atollic-eabi/6.3.1/../../../../arm-atollic-eabi/lib/armv7e-m/fpu\libc_nano.a(lib_a-errno.o)
                              Src\syscalls.o (__errno)
c:/program files (x86)/atollic/truestudio for stm32 9.3.0/armtools/bin/../lib/gcc/arm-atollic-eabi/6.3.1/../../../../arm-atollic-eabi/lib/armv7e-m/fpu\libc_nano.a(lib_a-impure.o)
                              c:/program files (x86)/atollic/truestudio for stm32 9.3.0/armtools/bin/../lib/gcc/arm-atollic-eabi/6.3.1/../../../../arm-atollic-eabi/lib/armv7e-m/fpu\libc_nano.a(lib_a-errno.o) (_impure_ptr)
c:/program files (x86)/atollic/truestudio for stm32 9.3.0/armtools/bin/../lib/gcc/arm-atollic-eabi/6.3.1/../../../../arm-atollic-eabi/lib/armv7e-m/fpu\libc_nano.a(lib_a-init.o)
                              startup\startup_stm32f407xx.o (__libc_init_array)
c:/program files (x86)/atollic/truestudio for stm32 9.3.0/armtools/bin/../lib/gcc/arm-atollic-eabi/6.3.1/../../../../arm-atollic-eabi/lib/armv7e-m/fpu\libc_nano.a(lib_a-memcpy-stub.o)
                              Middlewares\Third_Party\FreeRTOS\Source\CMSIS_RTOS_V2\cmsis_os2.o (memcpy)
c:/program files (x86)/atollic/truestudio for stm32 9.3.0/armtools/bin/../lib/gcc/arm-atollic-eabi/6.3.1/../../../../arm-atollic-eabi/lib/armv7e-m/fpu\libc_nano.a(lib_a-memset.o)
                              Middlewares\Third_Party\FreeRTOS\Source\stream_buffer.o (memset)
c:/program files (x86)/atollic/truestudio for stm32 9.3.0/armtools/bin/../lib/gcc/arm-atollic-eabi/6.3.1/../../../../arm-atollic-eabi/lib/armv7e-m/fpu\libc_nano.a(lib_a-printf.o)
                              Src\at_command.o (printf)
c:/program files (x86)/atollic/truestudio for stm32 9.3.0/armtools/bin/../lib/gcc/arm-atollic-eabi/6.3.1/../../../../arm-atollic-eabi/lib/armv7e-m/fpu\libc_nano.a(lib_a-putchar.o)
                              Src\at_command.o (putchar)
c:/program files (x86)/atollic/truestudio for stm32 9.3.0/armtools/bin/../lib/gcc/arm-atollic-eabi/6.3.1/../../../../arm-atollic-eabi/lib/armv7e-m/fpu\libc_nano.a(lib_a-puts.o)
                              Src\at_command.o (puts)
c:/program files (x86)/atollic/truestudio for stm32 9.3.0/armtools/bin/../lib/gcc/arm-atollic-eabi/6.3.1/../../../../arm-atollic-eabi/lib/armv7e-m/fpu\libc_nano.a(lib_a-wbuf.o)
                              c:/program files (x86)/atollic/truestudio for stm32 9.3.0/armtools/bin/../lib/gcc/arm-atollic-eabi/6.3.1/../../../../arm-atollic-eabi/lib/armv7e-m/fpu\libc_nano.a(lib_a-puts.o) (__swbuf_r)
c:/program files (x86)/atollic/truestudio for stm32 9.3.0/armtools/bin/../lib/gcc/arm-atollic-eabi/6.3.1/../../../../arm-atollic-eabi/lib/armv7e-m/fpu\libc_nano.a(lib_a-wsetup.o)
                              c:/program files (x86)/atollic/truestudio for stm32 9.3.0/armtools/bin/../lib/gcc/arm-atollic-eabi/6.3.1/../../../../arm-atollic-eabi/lib/armv7e-m/fpu\libc_nano.a(lib_a-puts.o) (__swsetup_r)
c:/program files (x86)/atollic/truestudio for stm32 9.3.0/armtools/bin/../lib/gcc/arm-atollic-eabi/6.3.1/../../../../arm-atollic-eabi/lib/armv7e-m/fpu\libc_nano.a(lib_a-fflush.o)
                              c:/program files (x86)/atollic/truestudio for stm32 9.3.0/armtools/bin/../lib/gcc/arm-atollic-eabi/6.3.1/../../../../arm-atollic-eabi/lib/armv7e-m/fpu\libc_nano.a(lib_a-wbuf.o) (_fflush_r)
c:/program files (x86)/atollic/truestudio for stm32 9.3.0/armtools/bin/../lib/gcc/arm-atollic-eabi/6.3.1/../../../../arm-atollic-eabi/lib/armv7e-m/fpu\libc_nano.a(lib_a-findfp.o)
                              c:/program files (x86)/atollic/truestudio for stm32 9.3.0/armtools/bin/../lib/gcc/arm-atollic-eabi/6.3.1/../../../../arm-atollic-eabi/lib/armv7e-m/fpu\libc_nano.a(lib_a-printf.o) (__sinit)
c:/program files (x86)/atollic/truestudio for stm32 9.3.0/armtools/bin/../lib/gcc/arm-atollic-eabi/6.3.1/../../../../arm-atollic-eabi/lib/armv7e-m/fpu\libc_nano.a(lib_a-fwalk.o)
                              c:/program files (x86)/atollic/truestudio for stm32 9.3.0/armtools/bin/../lib/gcc/arm-atollic-eabi/6.3.1/../../../../arm-atollic-eabi/lib/armv7e-m/fpu\libc_nano.a(lib_a-findfp.o) (_fwalk)
c:/program files (x86)/atollic/truestudio for stm32 9.3.0/armtools/bin/../lib/gcc/arm-atollic-eabi/6.3.1/../../../../arm-atollic-eabi/lib/armv7e-m/fpu\libc_nano.a(lib_a-makebuf.o)
                              c:/program files (x86)/atollic/truestudio for stm32 9.3.0/armtools/bin/../lib/gcc/arm-atollic-eabi/6.3.1/../../../../arm-atollic-eabi/lib/armv7e-m/fpu\libc_nano.a(lib_a-wsetup.o) (__smakebuf_r)
c:/program files (x86)/atollic/truestudio for stm32 9.3.0/armtools/bin/../lib/gcc/arm-atollic-eabi/6.3.1/../../../../arm-atollic-eabi/lib/armv7e-m/fpu\libc_nano.a(lib_a-nano-freer.o)
[...]
Memory Configuration

Name             Origin             Length             Attributes
RAM              0x20000000         0x00020000         xrw
CCMRAM           0x10000000         0x00010000         rw
FLASH            0x08000000         0x00080000         xr
*default*        0x00000000         0xffffffff

Linker script and memory map

LOAD c:/program files (x86)/atollic/truestudio for stm32 9.3.0/armtools/bin/../lib/gcc/arm-atollic-eabi/6.3.1/armv7e-m/fpu/crti.o
LOAD c:/program files (x86)/atollic/truestudio for stm32 9.3.0/armtools/bin/../lib/gcc/arm-atollic-eabi/6.3.1/armv7e-m/fpu/crtbegin.o
LOAD Drivers\STM32F4xx_HAL_Driver\Src\stm32f4xx_hal.o
LOAD Drivers\STM32F4xx_HAL_Driver\Src\stm32f4xx_hal_cortex.o
LOAD Drivers\STM32F4xx_HAL_Driver\Src\stm32f4xx_hal_dma.o
LOAD Drivers\STM32F4xx_HAL_Driver\Src\stm32f4xx_hal_dma_ex.o
LOAD Drivers\STM32F4xx_HAL_Driver\Src\stm32f4xx_hal_exti.o
LOAD Drivers\STM32F4xx_HAL_Driver\Src\stm32f4xx_hal_flash.o
LOAD Drivers\STM32F4xx_HAL_Driver\Src\stm32f4xx_hal_flash_ex.o
LOAD Drivers\STM32F4xx_HAL_Driver\Src\stm32f4xx_hal_flash_ramfunc.o
LOAD Drivers\STM32F4xx_HAL_Driver\Src\stm32f4xx_hal_gpio.o
LOAD Drivers\STM32F4xx_HAL_Driver\Src\stm32f4xx_hal_pwr.o
LOAD Drivers\STM32F4xx_HAL_Driver\Src\stm32f4xx_hal_pwr_ex.o
LOAD Drivers\STM32F4xx_HAL_Driver\Src\stm32f4xx_hal_rcc.o
LOAD Drivers\STM32F4xx_HAL_Driver\Src\stm32f4xx_hal_rcc_ex.o
LOAD Drivers\STM32F4xx_HAL_Driver\Src\stm32f4xx_hal_tim.o
LOAD Drivers\STM32F4xx_HAL_Driver\Src\stm32f4xx_hal_tim_ex.o
LOAD Drivers\STM32F4xx_HAL_Driver\Src\stm32f4xx_hal_uart.o
LOAD Middlewares\Third_Party\FreeRTOS\Source\CMSIS_RTOS_V2\cmsis_os2.o
LOAD Middlewares\Third_Party\FreeRTOS\Source\croutine.o
LOAD Middlewares\Third_Party\FreeRTOS\Source\event_groups.o
LOAD Middlewares\Third_Party\FreeRTOS\Source\list.o
LOAD Middlewares\Third_Party\FreeRTOS\Source\portable\GCC\ARM_CM4F\port.o
LOAD Middlewares\Third_Party\FreeRTOS\Source\portable\MemMang\heap_4.o
LOAD Middlewares\Third_Party\FreeRTOS\Source\queue.o
LOAD Middlewares\Third_Party\FreeRTOS\Source\stream_buffer.o
LOAD Middlewares\Third_Party\FreeRTOS\Source\tasks.o
LOAD Middlewares\Third_Party\FreeRTOS\Source\timers.o
LOAD Src\at_command.o
LOAD Src\freertos.o
LOAD Src\main.o
LOAD Src\stm32f4xx_hal_msp.o
LOAD Src\stm32f4xx_hal_timebase_tim.o
LOAD Src\stm32f4xx_it.o
LOAD Src\syscalls.o
LOAD Src\system_stm32f4xx.o
LOAD startup\startup_stm32f407xx.o
                0x00000080                malloc_getpagesize_P = 0x80
START GROUP
LOAD c:/program files (x86)/atollic/truestudio for stm32 9.3.0/armtools/bin/../lib/gcc/arm-atollic-eabi/6.3.1/../../../../arm-atollic-eabi/lib/armv7e-m/fpu\libc_nano.a
LOAD c:/program files (x86)/atollic/truestudio for stm32 9.3.0/armtools/bin/../lib/gcc/arm-atollic-eabi/6.3.1/../../../../arm-atollic-eabi/lib/armv7e-m/fpu\libm.a
END GROUP
START GROUP
LOAD c:/program files (x86)/atollic/truestudio for stm32 9.3.0/armtools/bin/../lib/gcc/arm-atollic-eabi/6.3.1/armv7e-m/fpu\libgcc.a
LOAD c:/program files (x86)/atollic/truestudio for stm32 9.3.0/armtools/bin/../lib/gcc/arm-atollic-eabi/6.3.1/../../../../arm-atollic-eabi/lib/armv7e-m/fpu\libc_nano.a
END GROUP
START GROUP
LOAD c:/program files (x86)/atollic/truestudio for stm32 9.3.0/armtools/bin/../lib/gcc/arm-atollic-eabi/6.3.1/armv7e-m/fpu\libgcc.a
LOAD c:/program files (x86)/atollic/truestudio for stm32 9.3.0/armtools/bin/../lib/gcc/arm-atollic-eabi/6.3.1/../../../../arm-atollic-eabi/lib/armv7e-m/fpu\libc_nano.a
LOAD c:/program files (x86)/atollic/truestudio for stm32 9.3.0/armtools/bin/../lib/gcc/arm-atollic-eabi/6.3.1/../../../../arm-atollic-eabi/lib/armv7e-m/fpu\libnosys.a
END GROUP
START GROUP
LOAD c:/program files (x86)/atollic/truestudio for stm32 9.3.0/armtools/bin/../lib/gcc/arm-atollic-eabi/6.3.1/armv7e-m/fpu\libgcc.a
LOAD c:/program files (x86)/atollic/truestudio for stm32 9.3.0/armtools/bin/../lib/gcc/arm-atollic-eabi/6.3.1/../../../../arm-atollic-eabi/lib/armv7e-m/fpu\libc_nano.a
LOAD c:/program files (x86)/atollic/truestudio for stm32 9.3.0/armtools/bin/../lib/gcc/arm-atollic-eabi/6.3.1/../../../../arm-atollic-eabi/lib/armv7e-m/fpu\libnosys.a
END GROUP
LOAD c:/program files (x86)/atollic/truestudio for stm32 9.3.0/armtools/bin/../lib/gcc/arm-atollic-eabi/6.3.1/armv7e-m/fpu/crtend.o
LOAD c:/program files (x86)/atollic/truestudio for stm32 9.3.0/armtools/bin/../lib/gcc/arm-atollic-eabi/6.3.1/armv7e-m/fpu/crtn.o
                0x20020000                _estack = 0x20020000
                0x00003000                _Min_Heap_Size = 0x3000
                0x00005000                _Min_Stack_Size = 0x5000

.isr_vector     0x08000000      0x188
                0x08000000                . = ALIGN (0x4)
 *(.isr_vector)
 .isr_vector    0x08000000      0x188 startup\startup_stm32f407xx.o
                0x08000000                g_pfnVectors
                0x08000188                . = ALIGN (0x4)

.text           0x08000190     0x4c48
                0x08000190                . = ALIGN (0x4)
 *(.text)
 .text          0x08000190       0x40 c:/program files (x86)/atollic/truestudio for stm32 9.3.0/armtools/bin/../lib/gcc/arm-atollic-eabi/6.3.1/armv7e-m/fpu/crtbegin.o
 .text          0x080001d0       0xa0 c:/program files (x86)/atollic/truestudio for stm32 9.3.0/armtools/bin/../lib/gcc/arm-atollic-eabi/6.3.1/../../../../arm-atollic-eabi/lib/armv7e-m/fpu\libc_nano.a(lib_a-memchr.o)
                0x080001d0                memchr
 .text          0x08000270       0x30 c:/program files (x86)/atollic/truestudio for stm32 9.3.0/armtools/bin/../lib/gcc/arm-atollic-eabi/6.3.1/armv7e-m/fpu\libgcc.a(_aeabi_uldivmod.o)
                0x08000270                __aeabi_uldivmod
 .text          0x080002a0      0x2dc c:/program files (x86)/atollic/truestudio for stm32 9.3.0/armtools/bin/../lib/gcc/arm-atollic-eabi/6.3.1/armv7e-m/fpu\libgcc.a(_udivmoddi4.o)
                0x080002a0                __udivmoddi4
 .text          0x0800057c        0x4 c:/program files (x86)/atollic/truestudio for stm32 9.3.0/armtools/bin/../lib/gcc/arm-atollic-eabi/6.3.1/armv7e-m/fpu\libgcc.a(_dvmd_tls.o)
                0x0800057c                __aeabi_idiv0
                0x0800057c                __aeabi_ldiv0
 *(.text*)
 .text.HAL_Init
                0x08000580       0x34 Drivers\STM32F4xx_HAL_Driver\Src\stm32f4xx_hal.o
                0x08000580                HAL_Init
 .text.HAL_IncTick
                0x080005b4       0x18 Drivers\STM32F4xx_HAL_Driver\Src\stm32f4xx_hal.o
                0x080005b4                HAL_IncTick
 .text.HAL_GetTick
                0x080005cc        0xc Drivers\STM32F4xx_HAL_Driver\Src\stm32f4xx_hal.o
                0x080005cc                HAL_GetTick
 .text.HAL_NVIC_SetPriorityGrouping
                0x080005d8       0x3c Drivers\STM32F4xx_HAL_Driver\Src\stm32f4xx_hal_cortex.o
                0x080005d8                HAL_NVIC_SetPriorityGrouping
 .text.HAL_NVIC_SetPriority
                0x08000614       0x84 Drivers\STM32F4xx_HAL_Driver\Src\stm32f4xx_hal_cortex.o
                0x08000614                HAL_NVIC_SetPriority
 .text.HAL_NVIC_EnableIRQ
                0x08000698       0x28 Drivers\STM32F4xx_HAL_Driver\Src\stm32f4xx_hal_cortex.o
                0x08000698                HAL_NVIC_EnableIRQ
 .text.HAL_DMA_Abort_IT
                0x080006c0       0x24 Drivers\STM32F4xx_HAL_Driver\Src\stm32f4xx_hal_dma.o
                0x080006c0                HAL_DMA_Abort_IT
 .text.HAL_GPIO_Init
                0x080006e4      0x28c Drivers\STM32F4xx_HAL_Driver\Src\stm32f4xx_hal_gpio.o
                0x080006e4                HAL_GPIO_Init
 .text.HAL_GPIO_ReadPin
                0x08000970       0x24 Drivers\STM32F4xx_HAL_Driver\Src\stm32f4xx_hal_gpio.o
                0x08000970                HAL_GPIO_ReadPin
 .text.HAL_RCC_OscConfig
                0x08000994      0x3f0 Drivers\STM32F4xx_HAL_Driver\Src\stm32f4xx_hal_rcc.o
                0x08000994                HAL_RCC_OscConfig
 .text.HAL_RCC_GetSysClockFreq
                0x08000d84       0x5c Drivers\STM32F4xx_HAL_Driver\Src\stm32f4xx_hal_rcc.o
                0x08000d84                HAL_RCC_GetSysClockFreq
 .text.HAL_RCC_ClockConfig
                0x08000de0      0x1e8 Drivers\STM32F4xx_HAL_Driver\Src\stm32f4xx_hal_rcc.o
                0x08000de0                HAL_RCC_ClockConfig
 .text.HAL_RCC_GetPCLK1Freq
                0x08000fc8       0x20 Drivers\STM32F4xx_HAL_Driver\Src\stm32f4xx_hal_rcc.o
                0x08000fc8                HAL_RCC_GetPCLK1Freq
 .text.HAL_RCC_GetPCLK2Freq
                0x08000fe8       0x20 Drivers\STM32F4xx_HAL_Driver\Src\stm32f4xx_hal_rcc.o
                0x08000fe8                HAL_RCC_GetPCLK2Freq
 .text.HAL_RCC_GetClockConfig
                0x08001008       0x3c Drivers\STM32F4xx_HAL_Driver\Src\stm32f4xx_hal_rcc.o
                0x08001008                HAL_RCC_GetClockConfig
 .text.HAL_TIM_Base_MspInit
                0x08001044        0x2 Drivers\STM32F4xx_HAL_Driver\Src\stm32f4xx_hal_tim.o
                0x08001044                HAL_TIM_Base_MspInit
 *fill*         0x08001046        0x2 
 .text.HAL_TIM_Base_Start_IT
                0x08001048       0xa4 Drivers\STM32F4xx_HAL_Driver\Src\stm32f4xx_hal_tim.o
                0x08001048                HAL_TIM_Base_Start_IT
 .text.HAL_TIM_OC_DelayElapsedCallback
                0x080010ec        0x2 Drivers\STM32F4xx_HAL_Driver\Src\stm32f4xx_hal_tim.o
                0x080010ec                HAL_TIM_OC_DelayElapsedCallback
 .text.HAL_TIM_IC_CaptureCallback
                0x080010ee        0x2 Drivers\STM32F4xx_HAL_Driver\Src\stm32f4xx_hal_tim.o
                0x080010ee                HAL_TIM_IC_CaptureCallback
 .text.HAL_TIM_PWM_PulseFinishedCallback
                0x080010f0        0x2 Drivers\STM32F4xx_HAL_Driver\Src\stm32f4xx_hal_tim.o
                0x080010f0                HAL_TIM_PWM_PulseFinishedCallback
 .text.HAL_TIM_TriggerCallback
                0x080010f2        0x2 Drivers\STM32F4xx_HAL_Driver\Src\stm32f4xx_hal_tim.o
                0x080010f2                HAL_TIM_TriggerCallback
 .text.HAL_TIM_IRQHandler
                0x080010f4      0x144 Drivers\STM32F4xx_HAL_Driver\Src\stm32f4xx_hal_tim.o
                0x080010f4                HAL_TIM_IRQHandler
 .text.TIM_Base_SetConfig
                0x08001238       0xcc Drivers\STM32F4xx_HAL_Driver\Src\stm32f4xx_hal_tim.o
                0x08001238                TIM_Base_SetConfig
 .text.HAL_TIM_Base_Init
                0x08001304      0x100 Drivers\STM32F4xx_HAL_Driver\Src\stm32f4xx_hal_tim.o
                0x08001304                HAL_TIM_Base_Init
 .text.HAL_TIMEx_CommutCallback
                0x08001404        0x2 Drivers\STM32F4xx_HAL_Driver\Src\stm32f4xx_hal_tim_ex.o
                0x08001404                HAL_TIMEx_CommutCallback
 .text.HAL_TIMEx_BreakCallback
                0x08001406        0x2 Drivers\STM32F4xx_HAL_Driver\Src\stm32f4xx_hal_tim_ex.o
                0x08001406                HAL_TIMEx_BreakCallback
 .text.UART_EndRxTransfer
                0x08001408       0x1a Drivers\STM32F4xx_HAL_Driver\Src\stm32f4xx_hal_uart.o
 *fill*         0x08001422        0x2 
 .text.UART_SetConfig
                0x08001424      0x28c Drivers\STM32F4xx_HAL_Driver\Src\stm32f4xx_hal_uart.o
 .text.HAL_UART_Init
                0x080016b0      0x104 Drivers\STM32F4xx_HAL_Driver\Src\stm32f4xx_hal_uart.o
                0x080016b0                HAL_UART_Init
 .text.HAL_UART_Transmit_IT
                0x080017b4       0x3e Drivers\STM32F4xx_HAL_Driver\Src\stm32f4xx_hal_uart.o
                0x080017b4                HAL_UART_Transmit_IT
 .text.HAL_UART_Receive_IT
                0x080017f2       0x4e Drivers\STM32F4xx_HAL_Driver\Src\stm32f4xx_hal_uart.o
                0x080017f2                HAL_UART_Receive_IT
 .text.UART_Receive_IT
                0x08001840       0x7c Drivers\STM32F4xx_HAL_Driver\Src\stm32f4xx_hal_uart.o
 .text.HAL_UART_IRQHandler
                0x080018bc      0x140 Drivers\STM32F4xx_HAL_Driver\Src\stm32f4xx_hal_uart.o
                0x080018bc                HAL_UART_IRQHandler
 .text.UART_DMAAbortOnError
                0x080019fc       0x10 Drivers\STM32F4xx_HAL_Driver\Src\stm32f4xx_hal_uart.o
 .text.osKernelInitialize
                0x08001a0c       0x38 Middlewares\Third_Party\FreeRTOS\Source\CMSIS_RTOS_V2\cmsis_os2.o
                0x08001a0c                osKernelInitialize
 .text.osKernelStart
                0x08001a44       0x40 Middlewares\Third_Party\FreeRTOS\Source\CMSIS_RTOS_V2\cmsis_os2.o
                0x08001a44                osKernelStart
 .text.osThreadNew
                0x08001a84       0xc4 Middlewares\Third_Party\FreeRTOS\Source\CMSIS_RTOS_V2\cmsis_os2.o
                0x08001a84                osThreadNew
 .text.vApplicationGetIdleTaskMemory
                0x08001b48       0x18 Middlewares\Third_Party\FreeRTOS\Source\CMSIS_RTOS_V2\cmsis_os2.o
                0x08001b48                vApplicationGetIdleTaskMemory
 .text.vApplicationGetTimerTaskMemory
                0x08001b60       0x18 Middlewares\Third_Party\FreeRTOS\Source\CMSIS_RTOS_V2\cmsis_os2.o
                0x08001b60                vApplicationGetTimerTaskMemory
 .text.vListInitialise
                0x08001b78       0x16 Middlewares\Third_Party\FreeRTOS\Source\list.o
                0x08001b78                vListInitialise
 .text.vListInitialiseItem
                0x08001b8e        0x6 Middlewares\Third_Party\FreeRTOS\Source\list.o
                0x08001b8e                vListInitialiseItem
 .text.vListInsertEnd
                0x08001b94       0x18 Middlewares\Third_Party\FreeRTOS\Source\list.o
                0x08001b94                vListInsertEnd
 .text.vListInsert
                0x08001bac       0x2e Middlewares\Third_Party\FreeRTOS\Source\list.o
                0x08001bac                vListInsert
 .text.uxListRemove
                0x08001bda       0x22 Middlewares\Third_Party\FreeRTOS\Source\list.o
                0x08001bda                uxListRemove
 .text.prvTaskExitError
                0x08001bfc       0x40 Middlewares\Third_Party\FreeRTOS\Source\portable\GCC\ARM_CM4F\port.o
 .text.unlikely.prvPortStartFirstTask
                0x08001c3c       0x28 Middlewares\Third_Party\FreeRTOS\Source\portable\GCC\ARM_CM4F\port.o
 .text.unlikely.vPortEnableVFP
                0x08001c64       0x14 Middlewares\Third_Party\FreeRTOS\Source\portable\GCC\ARM_CM4F\port.o
 .text.pxPortInitialiseStack
                0x08001c78       0x2c Middlewares\Third_Party\FreeRTOS\Source\portable\GCC\ARM_CM4F\port.o
                0x08001c78                pxPortInitialiseStack
 *fill*         0x08001ca4        0xc 
 .text.SVC_Handler
                0x08001cb0       0x24 Middlewares\Third_Party\FreeRTOS\Source\portable\GCC\ARM_CM4F\port.o
                0x08001cb0                SVC_Handler
 .text.vPortEnterCritical
                0x08001cd4       0x44 Middlewares\Third_Party\FreeRTOS\Source\portable\GCC\ARM_CM4F\port.o
                0x08001cd4                vPortEnterCritical
 .text.vPortExitCritical
                0x08001d18       0x28 Middlewares\Third_Party\FreeRTOS\Source\portable\GCC\ARM_CM4F\port.o
                0x08001d18                vPortExitCritical
 .text.PendSV_Handler
                0x08001d40       0x64 Middlewares\Third_Party\FreeRTOS\Source\portable\GCC\ARM_CM4F\port.o
                0x08001d40                PendSV_Handler
 .text.SysTick_Handler
                0x08001da4       0x2c Middlewares\Third_Party\FreeRTOS\Source\portable\GCC\ARM_CM4F\port.o
                0x08001da4                SysTick_Handler
 .text.vPortSetupTimerInterrupt
                0x08001dd0       0x34 Middlewares\Third_Party\FreeRTOS\Source\portable\GCC\ARM_CM4F\port.o
                0x08001dd0                vPortSetupTimerInterrupt
 .text.xPortStartScheduler
                0x08001e04      0x10c Middlewares\Third_Party\FreeRTOS\Source\portable\GCC\ARM_CM4F\port.o
                0x08001e04                xPortStartScheduler
 .text.vPortValidateInterruptPriority
                0x08001f10       0x5c Middlewares\Third_Party\FreeRTOS\Source\portable\GCC\ARM_CM4F\port.o
                0x08001f10                vPortValidateInterruptPriority
 .text.unlikely.prvInsertBlockIntoFreeList
                0x08001f6c       0x48 Middlewares\Third_Party\FreeRTOS\Source\portable\MemMang\heap_4.o
 .text.pvPortMalloc
                0x08001fb4      0x11c Middlewares\Third_Party\FreeRTOS\Source\portable\MemMang\heap_4.o
                0x08001fb4                pvPortMalloc
 .text.vPortFree
                0x080020d0       0x70 Middlewares\Third_Party\FreeRTOS\Source\portable\MemMang\heap_4.o
                0x080020d0                vPortFree
 .text.prvIsQueueEmpty
                0x08002140       0x16 Middlewares\Third_Party\FreeRTOS\Source\queue.o
 .text.unlikely.prvCopyDataToQueue
                0x08002156       0x66 Middlewares\Third_Party\FreeRTOS\Source\queue.o
 .text.unlikely.prvCopyDataFromQueue
                0x080021bc       0x2a Middlewares\Third_Party\FreeRTOS\Source\queue.o
 .text.prvUnlockQueue
                0x080021e6       0x70 Middlewares\Third_Party\FreeRTOS\Source\queue.o
 *fill*         0x08002256        0x2 
 .text.xQueueGenericReset
                0x08002258       0x80 Middlewares\Third_Party\FreeRTOS\Source\queue.o
                0x08002258                xQueueGenericReset
 .text.xQueueGenericCreateStatic
                0x080022d8       0x92 Middlewares\Third_Party\FreeRTOS\Source\queue.o
                0x080022d8                xQueueGenericCreateStatic
 .text.xQueueGenericCreate
                0x0800236a       0x48 Middlewares\Third_Party\FreeRTOS\Source\queue.o
                0x0800236a                xQueueGenericCreate
 *fill*         0x080023b2        0x2 
 .text.xQueueGenericSend
                0x080023b4      0x16c Middlewares\Third_Party\FreeRTOS\Source\queue.o
                0x080023b4                xQueueGenericSend
 .text.xQueueGenericSendFromISR
                0x08002520       0xc4 Middlewares\Third_Party\FreeRTOS\Source\queue.o
                0x08002520                xQueueGenericSendFromISR
 .text.xQueueReceive
                0x080025e4      0x148 Middlewares\Third_Party\FreeRTOS\Source\queue.o
                0x080025e4                xQueueReceive
 .text.vQueueAddToRegistry
                0x0800272c       0x24 Middlewares\Third_Party\FreeRTOS\Source\queue.o
                0x0800272c                vQueueAddToRegistry
 .text.vQueueWaitForMessageRestricted
                0x08002750       0x46 Middlewares\Third_Party\FreeRTOS\Source\queue.o
                0x08002750                vQueueWaitForMessageRestricted
 *fill*         0x08002796        0x2 
 .text.prvAddNewTaskToReadyList
                0x08002798       0xf8 Middlewares\Third_Party\FreeRTOS\Source\tasks.o
 .text.prvResetNextTaskUnblockTime
                0x08002890       0x24 Middlewares\Third_Party\FreeRTOS\Source\tasks.o
 .text.prvInitialiseNewTask.isra.2
                0x080028b4       0x82 Middlewares\Third_Party\FreeRTOS\Source\tasks.o
 .text.prvDeleteTCB
                0x08002936       0x36 Middlewares\Third_Party\FreeRTOS\Source\tasks.o
 .text.prvIdleTask
                0x0800296c       0x64 Middlewares\Third_Party\FreeRTOS\Source\tasks.o
 .text.prvAddCurrentTaskToDelayedList
                0x080029d0       0x74 Middlewares\Third_Party\FreeRTOS\Source\tasks.o
 .text.xTaskCreateStatic
                0x08002a44       0x6e Middlewares\Third_Party\FreeRTOS\Source\tasks.o
                0x08002a44                xTaskCreateStatic
 .text.xTaskCreate
                0x08002ab2       0x5a Middlewares\Third_Party\FreeRTOS\Source\tasks.o
                0x08002ab2                xTaskCreate
 .text.vTaskStartScheduler
                0x08002b0c       0x88 Middlewares\Third_Party\FreeRTOS\Source\tasks.o
                0x08002b0c                vTaskStartScheduler
 .text.vTaskSuspendAll
                0x08002b94       0x10 Middlewares\Third_Party\FreeRTOS\Source\tasks.o
                0x08002b94                vTaskSuspendAll
 .text.xTaskGetTickCount
                0x08002ba4        0xc Middlewares\Third_Party\FreeRTOS\Source\tasks.o
                0x08002ba4                xTaskGetTickCount
 .text.xTaskIncrementTick
                0x08002bb0      0x120 Middlewares\Third_Party\FreeRTOS\Source\tasks.o
                0x08002bb0                xTaskIncrementTick
 .text.xTaskResumeAll
                0x08002cd0       0xe8 Middlewares\Third_Party\FreeRTOS\Source\tasks.o
                0x08002cd0                xTaskResumeAll
 .text.vTaskDelay
                0x08002db8       0x48 Middlewares\Third_Party\FreeRTOS\Source\tasks.o
                0x08002db8                vTaskDelay
 .text.vTaskSwitchContext
                0x08002e00       0x78 Middlewares\Third_Party\FreeRTOS\Source\tasks.o
                0x08002e00                vTaskSwitchContext
 .text.vTaskPlaceOnEventList
                0x08002e78       0x34 Middlewares\Third_Party\FreeRTOS\Source\tasks.o
                0x08002e78                vTaskPlaceOnEventList
 .text.vTaskPlaceOnEventListRestricted
                0x08002eac       0x3c Middlewares\Third_Party\FreeRTOS\Source\tasks.o
                0x08002eac                vTaskPlaceOnEventListRestricted
 .text.xTaskRemoveFromEventList
                0x08002ee8       0x80 Middlewares\Third_Party\FreeRTOS\Source\tasks.o
                0x08002ee8                xTaskRemoveFromEventList
 .text.vTaskInternalSetTimeOutState
                0x08002f68       0x18 Middlewares\Third_Party\FreeRTOS\Source\tasks.o
                0x08002f68                vTaskInternalSetTimeOutState
 .text.xTaskCheckForTimeOut
                0x08002f80       0x78 Middlewares\Third_Party\FreeRTOS\Source\tasks.o
                0x08002f80                xTaskCheckForTimeOut
 .text.vTaskMissedYield
                0x08002ff8        0xc Middlewares\Third_Party\FreeRTOS\Source\tasks.o
                0x08002ff8                vTaskMissedYield
 .text.xTaskGetSchedulerState
                0x08003004       0x20 Middlewares\Third_Party\FreeRTOS\Source\tasks.o
                0x08003004                xTaskGetSchedulerState
 .text.xTaskPriorityDisinherit
                0x08003024       0x84 Middlewares\Third_Party\FreeRTOS\Source\tasks.o
                0x08003024                xTaskPriorityDisinherit
 .text.prvCheckForValidListAndQueue
                0x080030a8       0x68 Middlewares\Third_Party\FreeRTOS\Source\timers.o
 .text.prvInsertTimerInActiveList
                0x08003110       0x3c Middlewares\Third_Party\FreeRTOS\Source\timers.o
 .text.xTimerCreateTimerTask
                0x0800314c       0x68 Middlewares\Third_Party\FreeRTOS\Source\timers.o
                0x0800314c                xTimerCreateTimerTask
 .text.xTimerGenericCommand
                0x080031b4       0x58 Middlewares\Third_Party\FreeRTOS\Source\timers.o
                0x080031b4                xTimerGenericCommand
 .text.prvSwitchTimerLists
                0x0800320c       0x7c Middlewares\Third_Party\FreeRTOS\Source\timers.o
 .text.prvTimerTask
                0x08003288      0x1d4 Middlewares\Third_Party\FreeRTOS\Source\timers.o
 .text.MasterGetFromQueue
                0x0800345c       0x24 Src\at_command.o
                0x0800345c                MasterGetFromQueue
 .text.MastertoUart
                0x08003480       0x18 Src\at_command.o
                0x08003480                MastertoUart
 .text.MasterSendATCommand
                0x08003498       0x48 Src\at_command.o
                0x08003498                MasterSendATCommand
 .text.SlaveGetFromQueue
                0x080034e0       0x38 Src\at_command.o
                0x080034e0                SlaveGetFromQueue
 .text.StartDefaultTask
                0x08003518      0x14c Src\main.o
                0x08003518                StartDefaultTask
 .text.StartTask02
                0x08003664       0xb8 Src\main.o
                0x08003664                StartTask02
 .text.SystemClock_Config
                0x0800371c       0x94 Src\main.o
                0x0800371c                SystemClock_Config
 .text.startup.main
                0x080037b0      0x158 Src\main.o
                0x080037b0                main
 .text.HAL_UART_TxCpltCallback
                0x08003908       0x68 Src\main.o
                0x08003908                HAL_UART_TxCpltCallback
 .text.HAL_UART_RxCpltCallback
                0x08003970       0xe8 Src\main.o
                0x08003970                HAL_UART_RxCpltCallback
 .text.HAL_UART_ErrorCallback
                0x08003a58       0x74 Src\main.o
                0x08003a58                HAL_UART_ErrorCallback
 .text.HAL_TIM_PeriodElapsedCallback
                0x08003acc       0x14 Src\main.o
                0x08003acc                HAL_TIM_PeriodElapsedCallback
 .text.assert_failed
                0x08003ae0        0x2 Src\main.o
                0x08003ae0                assert_failed
 *fill*         0x08003ae2        0x2 
 .text.HAL_MspInit
                0x08003ae4       0x44 Src\stm32f4xx_hal_msp.o
                0x08003ae4                HAL_MspInit
 .text.HAL_UART_MspInit
                0x08003b28       0xe8 Src\stm32f4xx_hal_msp.o
                0x08003b28                HAL_UART_MspInit
 .text.HAL_InitTick
                0x08003c10       0x7c Src\stm32f4xx_hal_timebase_tim.o
                0x08003c10                HAL_InitTick
 .text.NMI_Handler
                0x08003c8c        0x2 Src\stm32f4xx_it.o
                0x08003c8c                NMI_Handler
 .text.HardFault_Handler
                0x08003c8e        0x2 Src\stm32f4xx_it.o
                0x08003c8e                HardFault_Handler
 .text.MemManage_Handler
                0x08003c90        0x2 Src\stm32f4xx_it.o
                0x08003c90                MemManage_Handler
 .text.BusFault_Handler
                0x08003c92        0x2 Src\stm32f4xx_it.o
                0x08003c92                BusFault_Handler
 .text.UsageFault_Handler
                0x08003c94        0x2 Src\stm32f4xx_it.o
                0x08003c94                UsageFault_Handler
 .text.DebugMon_Handler
                0x08003c96        0x2 Src\stm32f4xx_it.o
                0x08003c96                DebugMon_Handler
 .text.USART2_IRQHandler
                0x08003c98        0xc Src\stm32f4xx_it.o
                0x08003c98                USART2_IRQHandler
 .text.USART3_IRQHandler
                0x08003ca4        0xc Src\stm32f4xx_it.o
                0x08003ca4                USART3_IRQHandler
 .text.TIM8_TRG_COM_TIM14_IRQHandler
                0x08003cb0        0xc Src\stm32f4xx_it.o
                0x08003cb0                TIM8_TRG_COM_TIM14_IRQHandler
 .text._read    0x08003cbc       0x1c Src\syscalls.o
                0x08003cbc                _read
 .text._write   0x08003cd8       0x32 Src\syscalls.o
                0x08003cd8                _write
 *fill*         0x08003d0a        0x2 
 .text._sbrk    0x08003d0c       0x34 Src\syscalls.o
                0x08003d0c                _sbrk
 .text._close   0x08003d40        0x6 Src\syscalls.o
                0x08003d40                _close
 .text._fstat   0x08003d46        0xa Src\syscalls.o
                0x08003d46                _fstat
 .text._isatty  0x08003d50        0x4 Src\syscalls.o
                0x08003d50                _isatty
 .text._lseek   0x08003d54        0x4 Src\syscalls.o
                0x08003d54                _lseek
 .text.SystemInit
                0x08003d58       0x4c Src\system_stm32f4xx.o
                0x08003d58                SystemInit
 .text.Reset_Handler
                0x08003da4       0x50 startup\startup_stm32f407xx.o
                0x08003da4                Reset_Handler
 .text.Default_Handler
                0x08003df4        0x2 startup\startup_stm32f407xx.o
                0x08003df4                RTC_Alarm_IRQHandler
                0x08003df4                HASH_RNG_IRQHandler
                0x08003df4                EXTI2_IRQHandler
                0x08003df4                TIM8_CC_IRQHandler
                0x08003df4                TIM1_CC_IRQHandler
                0x08003df4                DMA2_Stream5_IRQHandler
                0x08003df4                DMA1_Stream5_IRQHandler
                0x08003df4                PVD_IRQHandler
                0x08003df4                SDIO_IRQHandler
                0x08003df4                TAMP_STAMP_IRQHandler
                0x08003df4                CAN2_RX1_IRQHandler
                0x08003df4                EXTI3_IRQHandler
                0x08003df4                TIM1_UP_TIM10_IRQHandler
                0x08003df4                TIM8_UP_TIM13_IRQHandler
                0x08003df4                I2C3_ER_IRQHandler
                0x08003df4                EXTI0_IRQHandler
                0x08003df4                I2C2_EV_IRQHandler
                0x08003df4                DMA1_Stream2_IRQHandler
                0x08003df4                CAN1_RX0_IRQHandler
                0x08003df4                FPU_IRQHandler
                0x08003df4                OTG_HS_WKUP_IRQHandler
                0x08003df4                CAN2_SCE_IRQHandler
                0x08003df4                DMA2_Stream2_IRQHandler
                0x08003df4                SPI1_IRQHandler
                0x08003df4                TIM6_DAC_IRQHandler
                0x08003df4                TIM1_BRK_TIM9_IRQHandler
                0x08003df4                DCMI_IRQHandler
                0x08003df4                CAN2_RX0_IRQHandler
                0x08003df4                DMA2_Stream3_IRQHandler
                0x08003df4                USART6_IRQHandler
                0x08003df4                CAN1_RX1_IRQHandler
                0x08003df4                UART5_IRQHandler
                0x08003df4                DMA2_Stream0_IRQHandler
                0x08003df4                TIM4_IRQHandler
                0x08003df4                I2C1_EV_IRQHandler
                0x08003df4                DMA1_Stream6_IRQHandler
                0x08003df4                DMA1_Stream1_IRQHandler
                0x08003df4                UART4_IRQHandler
                0x08003df4                TIM3_IRQHandler
                0x08003df4                RCC_IRQHandler
                0x08003df4                TIM8_BRK_TIM12_IRQHandler
                0x08003df4                Default_Handler
                0x08003df4                EXTI15_10_IRQHandler
                0x08003df4                ADC_IRQHandler
                0x08003df4                DMA1_Stream7_IRQHandler
                0x08003df4                TIM7_IRQHandler
                0x08003df4                CAN2_TX_IRQHandler
                0x08003df4                TIM5_IRQHandler
                0x08003df4                DMA2_Stream7_IRQHandler
                0x08003df4                I2C3_EV_IRQHandler
                0x08003df4                EXTI9_5_IRQHandler
                0x08003df4                RTC_WKUP_IRQHandler
                0x08003df4                ETH_WKUP_IRQHandler
                0x08003df4                SPI2_IRQHandler
                0x08003df4                OTG_HS_EP1_IN_IRQHandler
                0x08003df4                DMA1_Stream0_IRQHandler
                0x08003df4                CAN1_TX_IRQHandler
                0x08003df4                EXTI4_IRQHandler
                0x08003df4                FSMC_IRQHandler
                0x08003df4                ETH_IRQHandler
                0x08003df4                OTG_HS_EP1_OUT_IRQHandler
                0x08003df4                WWDG_IRQHandler
                0x08003df4                TIM2_IRQHandler
                0x08003df4                OTG_FS_WKUP_IRQHandler
                0x08003df4                TIM1_TRG_COM_TIM11_IRQHandler
                0x08003df4                OTG_HS_IRQHandler
                0x08003df4                EXTI1_IRQHandler
                0x08003df4                I2C2_ER_IRQHandler
                0x08003df4                DMA2_Stream1_IRQHandler
                0x08003df4                CAN1_SCE_IRQHandler
                0x08003df4                FLASH_IRQHandler
                0x08003df4                DMA2_Stream4_IRQHandler
                0x08003df4                USART1_IRQHandler
                0x08003df4                OTG_FS_IRQHandler
                0x08003df4                SPI3_IRQHandler
                0x08003df4                DMA1_Stream4_IRQHandler
                0x08003df4                I2C1_ER_IRQHandler
                0x08003df4                DMA2_Stream6_IRQHandler
                0x08003df4                DMA1_Stream3_IRQHandler
 *fill*         0x08003df6        0x2 
 .text.__errno  0x08003df8        0xc c:/program files (x86)/atollic/truestudio for stm32 9.3.0/armtools/bin/../lib/gcc/arm-atollic-eabi/6.3.1/../../../../arm-atollic-eabi/lib/armv7e-m/fpu\libc_nano.a(lib_a-errno.o)
                0x08003df8                __errno
 .text.__libc_init_array
                0x08003e04       0x48 c:/program files (x86)/atollic/truestudio for stm32 9.3.0/armtools/bin/../lib/gcc/arm-atollic-eabi/6.3.1/../../../../arm-atollic-eabi/lib/armv7e-m/fpu\libc_nano.a(lib_a-init.o)
                0x08003e04                __libc_init_array
 .text.memcpy   0x08003e4c       0x16 c:/program files (x86)/atollic/truestudio for stm32 9.3.0/armtools/bin/../lib/gcc/arm-atollic-eabi/6.3.1/../../../../arm-atollic-eabi/lib/armv7e-m/fpu\libc_nano.a(lib_a-memcpy-stub.o)
                0x08003e4c                memcpy
 .text.memset   0x08003e62       0x10 c:/program files (x86)/atollic/truestudio for stm32 9.3.0/armtools/bin/../lib/gcc/arm-atollic-eabi/6.3.1/../../../../arm-atollic-eabi/lib/armv7e-m/fpu\libc_nano.a(lib_a-memset.o)
                0x08003e62                memset
 *fill*         0x08003e72        0x2 
 .text.printf   0x08003e74       0x30 c:/program files (x86)/atollic/truestudio for stm32 9.3.0/armtools/bin/../lib/gcc/arm-atollic-eabi/6.3.1/../../../../arm-atollic-eabi/lib/armv7e-m/fpu\libc_nano.a(lib_a-printf.o)
                0x08003e74                iprintf
                0x08003e74                printf
 .text.putchar  0x08003ea4       0x28 c:/program files (x86)/atollic/truestudio for stm32 9.3.0/armtools/bin/../lib/gcc/arm-atollic-eabi/6.3.1/../../../../arm-atollic-eabi/lib/armv7e-m/fpu\libc_nano.a(lib_a-putchar.o)
                0x08003ea4                putchar
 .text._puts_r  0x08003ecc       0xb8 c:/program files (x86)/atollic/truestudio for stm32 9.3.0/armtools/bin/../lib/gcc/arm-atollic-eabi/6.3.1/../../../../arm-atollic-eabi/lib/armv7e-m/fpu\libc_nano.a(lib_a-puts.o)
                0x08003ecc                _puts_r
 .text.puts     0x08003f84       0x10 c:/program files (x86)/atollic/truestudio for stm32 9.3.0/armtools/bin/../lib/gcc/arm-atollic-eabi/6.3.1/../../../../arm-atollic-eabi/lib/armv7e-m/fpu\libc_nano.a(lib_a-puts.o)
                0x08003f84                puts
 .text.__swbuf_r
                0x08003f94       0xa4 c:/program files (x86)/atollic/truestudio for stm32 9.3.0/armtools/bin/../lib/gcc/arm-atollic-eabi/6.3.1/../../../../arm-atollic-eabi/lib/armv7e-m/fpu\libc_nano.a(lib_a-wbuf.o)
                0x08003f94                __swbuf_r
 .text.__swsetup_r
                0x08004038       0xdc c:/program files (x86)/atollic/truestudio for stm32 9.3.0/armtools/bin/../lib/gcc/arm-atollic-eabi/6.3.1/../../../../arm-atollic-eabi/lib/armv7e-m/fpu\libc_nano.a(lib_a-wsetup.o)
                0x08004038                __swsetup_r
 .text.__sflush_r
                0x08004114      0x110 c:/program files (x86)/atollic/truestudio for stm32 9.3.0/armtools/bin/../lib/gcc/arm-atollic-eabi/6.3.1/../../../../arm-atollic-eabi/lib/armv7e-m/fpu\libc_nano.a(lib_a-fflush.o)
                0x08004114                __sflush_r
 .text._fflush_r
                0x08004224       0x54 c:/program files (x86)/atollic/truestudio for stm32 9.3.0/armtools/bin/../lib/gcc/arm-atollic-eabi/6.3.1/../../../../arm-atollic-eabi/lib/armv7e-m/fpu\libc_nano.a(lib_a-fflush.o)
                0x08004224                _fflush_r
 .text._cleanup_r
                0x08004278        0xc c:/program files (x86)/atollic/truestudio for stm32 9.3.0/armtools/bin/../lib/gcc/arm-atollic-eabi/6.3.1/../../../../arm-atollic-eabi/lib/armv7e-m/fpu\libc_nano.a(lib_a-findfp.o)
                0x08004278                _cleanup_r
 .text.std.isra.0
                0x08004284       0x48 c:/program files (x86)/atollic/truestudio for stm32 9.3.0/armtools/bin/../lib/gcc/arm-atollic-eabi/6.3.1/../../../../arm-atollic-eabi/lib/armv7e-m/fpu\libc_nano.a(lib_a-findfp.o)
 .text.__sfmoreglue
                0x080042cc       0x2c c:/program files (x86)/atollic/truestudio for stm32 9.3.0/armtools/bin/../lib/gcc/arm-atollic-eabi/6.3.1/../../../../arm-atollic-eabi/lib/armv7e-m/fpu\libc_nano.a(lib_a-findfp.o)
                0x080042cc                __sfmoreglue
 .text.__sinit  0x080042f8       0x60 c:/program files (x86)/atollic/truestudio for stm32 9.3.0/armtools/bin/../lib/gcc/arm-atollic-eabi/6.3.1/../../../../arm-atollic-eabi/lib/armv7e-m/fpu\libc_nano.a(lib_a-findfp.o)
                0x080042f8                __sinit
 .text.__sfp    0x08004358       0x78 c:/program files (x86)/atollic/truestudio for stm32 9.3.0/armtools/bin/../lib/gcc/arm-atollic-eabi/6.3.1/../../../../arm-atollic-eabi/lib/armv7e-m/fpu\libc_nano.a(lib_a-findfp.o)
                0x08004358                __sfp
 .text._fwalk_reent
                0x080043d0       0x3c c:/program files (x86)/atollic/truestudio for stm32 9.3.0/armtools/bin/../lib/gcc/arm-atollic-eabi/6.3.1/../../../../arm-atollic-eabi/lib/armv7e-m/fpu\libc_nano.a(lib_a-fwalk.o)
                0x080043d0                _fwalk_reent
 .text.__swhatbuf_r
                0x0800440c       0x48 c:/program files (x86)/atollic/truestudio for stm32 9.3.0/armtools/bin/../lib/gcc/arm-atollic-eabi/6.3.1/../../../../arm-atollic-eabi/lib/armv7e-m/fpu\libc_nano.a(lib_a-makebuf.o)
                0x0800440c                __swhatbuf_r
 .text.__smakebuf_r
                0x08004454       0x80 c:/program files (x86)/atollic/truestudio for stm32 9.3.0/armtools/bin/../lib/gcc/arm-atollic-eabi/6.3.1/../../../../arm-atollic-eabi/lib/armv7e-m/fpu\libc_nano.a(lib_a-makebuf.o)
                0x08004454                __smakebuf_r
 .text._free_r  0x080044d4       0x9c c:/program files (x86)/atollic/truestudio for stm32 9.3.0/armtools/bin/../lib/gcc/arm-atollic-eabi/6.3.1/../../../../arm-atollic-eabi/lib/armv7e-m/fpu\libc_nano.a(lib_a-nano-freer.o)
                0x080044d4                _free_r
 .text._malloc_r
                0x08004570       0xbc c:/program files (x86)/atollic/truestudio for stm32 9.3.0/armtools/bin/../lib/gcc/arm-atollic-eabi/6.3.1/../../../../arm-atollic-eabi/lib/armv7e-m/fpu\libc_nano.a(lib_a-nano-mallocr.o)
                0x08004570                _malloc_r
 .text.__sfputc_r
                0x0800462c       0x30 c:/program files (x86)/atollic/truestudio for stm32 9.3.0/armtools/bin/../lib/gcc/arm-atollic-eabi/6.3.1/../../../../arm-atollic-eabi/lib/armv7e-m/fpu\libc_nano.a(lib_a-nano-vfprintf.o)
 .text.__sfputs_r
                0x0800465c       0x24 c:/program files (x86)/atollic/truestudio for stm32 9.3.0/armtools/bin/../lib/gcc/arm-atollic-eabi/6.3.1/../../../../arm-atollic-eabi/lib/armv7e-m/fpu\libc_nano.a(lib_a-nano-vfprintf.o)
                0x0800465c                __sfputs_r
 .text._vfprintf_r
                0x08004680      0x22c c:/program files (x86)/atollic/truestudio for stm32 9.3.0/armtools/bin/../lib/gcc/arm-atollic-eabi/6.3.1/../../../../arm-atollic-eabi/lib/armv7e-m/fpu\libc_nano.a(lib_a-nano-vfprintf.o)
                0x08004680                _vfprintf_r
                0x08004680                _vfiprintf_r
 .text._printf_common
                0x080048ac       0xec c:/program files (x86)/atollic/truestudio for stm32 9.3.0/armtools/bin/../lib/gcc/arm-atollic-eabi/6.3.1/../../../../arm-atollic-eabi/lib/armv7e-m/fpu\libc_nano.a(lib_a-nano-vfprintf_i.o)
                0x080048ac                _printf_common
 .text._printf_i
                0x08004998      0x240 c:/program files (x86)/atollic/truestudio for stm32 9.3.0/armtools/bin/../lib/gcc/arm-atollic-eabi/6.3.1/../../../../arm-atollic-eabi/lib/armv7e-m/fpu\libc_nano.a(lib_a-nano-vfprintf_i.o)
                0x08004998                _printf_i
 .text._putc_r  0x08004bd8       0x6c c:/program files (x86)/atollic/truestudio for stm32 9.3.0/armtools/bin/../lib/gcc/arm-atollic-eabi/6.3.1/../../../../arm-atollic-eabi/lib/armv7e-m/fpu\libc_nano.a(lib_a-putc.o)
                0x08004bd8                _putc_r
 .text._sbrk_r  0x08004c44       0x20 c:/program files (x86)/atollic/truestudio for stm32 9.3.0/armtools/bin/../lib/gcc/arm-atollic-eabi/6.3.1/../../../../arm-atollic-eabi/lib/armv7e-m/fpu\libc_nano.a(lib_a-sbrkr.o)
                0x08004c44                _sbrk_r
 .text.__sread  0x08004c64       0x22 c:/program files (x86)/atollic/truestudio for stm32 9.3.0/armtools/bin/../lib/gcc/arm-atollic-eabi/6.3.1/../../../../arm-atollic-eabi/lib/armv7e-m/fpu\libc_nano.a(lib_a-stdio.o)
                0x08004c64                __sread
 .text.__swrite
                0x08004c86       0x38 c:/program files (x86)/atollic/truestudio for stm32 9.3.0/armtools/bin/../lib/gcc/arm-atollic-eabi/6.3.1/../../../../arm-atollic-eabi/lib/armv7e-m/fpu\libc_nano.a(lib_a-stdio.o)
                0x08004c86                __swrite
 .text.__sseek  0x08004cbe       0x24 c:/program files (x86)/atollic/truestudio for stm32 9.3.0/armtools/bin/../lib/gcc/arm-atollic-eabi/6.3.1/../../../../arm-atollic-eabi/lib/armv7e-m/fpu\libc_nano.a(lib_a-stdio.o)
                0x08004cbe                __sseek
 .text.__sclose
                0x08004ce2        0x8 c:/program files (x86)/atollic/truestudio for stm32 9.3.0/armtools/bin/../lib/gcc/arm-atollic-eabi/6.3.1/../../../../arm-atollic-eabi/lib/armv7e-m/fpu\libc_nano.a(lib_a-stdio.o)
                0x08004ce2                __sclose
 *fill*         0x08004cea        0x2 
 .text._write_r
                0x08004cec       0x24 c:/program files (x86)/atollic/truestudio for stm32 9.3.0/armtools/bin/../lib/gcc/arm-atollic-eabi/6.3.1/../../../../arm-atollic-eabi/lib/armv7e-m/fpu\libc_nano.a(lib_a-writer.o)
                0x08004cec                _write_r
 .text._close_r
                0x08004d10       0x20 c:/program files (x86)/atollic/truestudio for stm32 9.3.0/armtools/bin/../lib/gcc/arm-atollic-eabi/6.3.1/../../../../arm-atollic-eabi/lib/armv7e-m/fpu\libc_nano.a(lib_a-closer.o)
                0x08004d10                _close_r
 .text._fstat_r
                0x08004d30       0x24 c:/program files (x86)/atollic/truestudio for stm32 9.3.0/armtools/bin/../lib/gcc/arm-atollic-eabi/6.3.1/../../../../arm-atollic-eabi/lib/armv7e-m/fpu\libc_nano.a(lib_a-fstatr.o)
                0x08004d30                _fstat_r
 .text._isatty_r
                0x08004d54       0x20 c:/program files (x86)/atollic/truestudio for stm32 9.3.0/armtools/bin/../lib/gcc/arm-atollic-eabi/6.3.1/../../../../arm-atollic-eabi/lib/armv7e-m/fpu\libc_nano.a(lib_a-isattyr.o)
                0x08004d54                _isatty_r
 .text._lseek_r
                0x08004d74       0x24 c:/program files (x86)/atollic/truestudio for stm32 9.3.0/armtools/bin/../lib/gcc/arm-atollic-eabi/6.3.1/../../../../arm-atollic-eabi/lib/armv7e-m/fpu\libc_nano.a(lib_a-lseekr.o)
                0x08004d74                _lseek_r
 .text.__malloc_lock
                0x08004d98        0x2 c:/program files (x86)/atollic/truestudio for stm32 9.3.0/armtools/bin/../lib/gcc/arm-atollic-eabi/6.3.1/../../../../arm-atollic-eabi/lib/armv7e-m/fpu\libc_nano.a(lib_a-mlock.o)
                0x08004d98                __malloc_lock
 .text.__malloc_unlock
                0x08004d9a        0x2 c:/program files (x86)/atollic/truestudio for stm32 9.3.0/armtools/bin/../lib/gcc/arm-atollic-eabi/6.3.1/../../../../arm-atollic-eabi/lib/armv7e-m/fpu\libc_nano.a(lib_a-mlock.o)
                0x08004d9a                __malloc_unlock
 .text._read_r  0x08004d9c       0x24 c:/program files (x86)/atollic/truestudio for stm32 9.3.0/armtools/bin/../lib/gcc/arm-atollic-eabi/6.3.1/../../../../arm-atollic-eabi/lib/armv7e-m/fpu\libc_nano.a(lib_a-readr.o)
                0x08004d9c                _read_r
 *(.glue_7)
 .glue_7        0x08004dc0        0x0 linker stubs
 *(.glue_7t)
 .glue_7t       0x08004dc0        0x0 linker stubs
 *(.eh_frame)
 .eh_frame      0x08004dc0        0x0 c:/program files (x86)/atollic/truestudio for stm32 9.3.0/armtools/bin/../lib/gcc/arm-atollic-eabi/6.3.1/armv7e-m/fpu/crtbegin.o
 *(.init)
 .init          0x08004dc0        0x4 c:/program files (x86)/atollic/truestudio for stm32 9.3.0/armtools/bin/../lib/gcc/arm-atollic-eabi/6.3.1/armv7e-m/fpu/crti.o
                0x08004dc0                _init
 .init          0x08004dc4        0x8 c:/program files (x86)/atollic/truestudio for stm32 9.3.0/armtools/bin/../lib/gcc/arm-atollic-eabi/6.3.1/armv7e-m/fpu/crtn.o
 *(.fini)
 .fini          0x08004dcc        0x4 c:/program files (x86)/atollic/truestudio for stm32 9.3.0/armtools/bin/../lib/gcc/arm-atollic-eabi/6.3.1/armv7e-m/fpu/crti.o
                0x08004dcc                _fini
 .fini          0x08004dd0        0x8 c:/program files (x86)/atollic/truestudio for stm32 9.3.0/armtools/bin/../lib/gcc/arm-atollic-eabi/6.3.1/armv7e-m/fpu/crtn.o
                0x08004dd8                . = ALIGN (0x4)
                0x08004dd8                _etext = .

.vfp11_veneer   0x08004dd8        0x0
 .vfp11_veneer  0x08004dd8        0x0 linker stubs

.v4_bx          0x08004dd8        0x0
 .v4_bx         0x08004dd8        0x0 linker stubs

.iplt           0x08004dd8        0x0
 .iplt          0x08004dd8        0x0 c:/program files (x86)/atollic/truestudio for stm32 9.3.0/armtools/bin/../lib/gcc/arm-atollic-eabi/6.3.1/armv7e-m/fpu/crtbegin.o

.rodata         0x08004dd8      0x3d8
                0x08004dd8                . = ALIGN (0x4)
 *(.rodata)
 *(.rodata*)
 .rodata.HAL_NVIC_SetPriorityGrouping.str1.1
                0x08004dd8       0x3b Drivers\STM32F4xx_HAL_Driver\Src\stm32f4xx_hal_cortex.o
 .rodata.HAL_GPIO_Init.str1.1
                0x08004e13       0x39 Drivers\STM32F4xx_HAL_Driver\Src\stm32f4xx_hal_gpio.o
 .rodata.HAL_RCC_OscConfig.str1.1
                0x08004e4c       0x38 Drivers\STM32F4xx_HAL_Driver\Src\stm32f4xx_hal_rcc.o
 .rodata.TIM_OC1_SetConfig.str1.1
                0x08004e84       0x38 Drivers\STM32F4xx_HAL_Driver\Src\stm32f4xx_hal_tim.o
 .rodata.UART_SetConfig.str1.1
                0x08004ebc       0x39 Drivers\STM32F4xx_HAL_Driver\Src\stm32f4xx_hal_uart.o
 .rodata.vTaskStartScheduler.str1.1
                0x08004ef5        0x5 Middlewares\Third_Party\FreeRTOS\Source\tasks.o
 .rodata.prvCheckForValidListAndQueue.str1.1
                0x08004efa        0x5 Middlewares\Third_Party\FreeRTOS\Source\timers.o
 .rodata.xTimerCreateTimerTask.str1.1
                0x08004eff        0x8 Middlewares\Third_Party\FreeRTOS\Source\timers.o
 .rodata.MasterGetFromQueue.str1.1
                0x08004f07       0x14 Src\at_command.o
 .rodata.MasterSendATCommand.str1.1
                0x08004f1b       0x10 Src\at_command.o
 .rodata.MastertoUart.str1.1
                0x08004f2b       0x13 Src\at_command.o
 .rodata.HAL_UART_ErrorCallback.str1.1
                0x08004f3e       0x80 Src\main.o
 .rodata.HAL_UART_RxCpltCallback.str1.1
                0x08004fbe       0x45 Src\main.o
 .rodata.StartDefaultTask.str1.1
                0x08005003       0x5e Src\main.o
                                 0x8a (size before relaxing)
 .rodata.StartTask02.str1.1
                0x08005061       0x68 Src\main.o
 .rodata.main.str1.1
                0x080050c9       0x34 Src\main.o
 .rodata.AHBPrescTable
                0x080050fd       0x10 Src\system_stm32f4xx.o
                0x080050fd                AHBPrescTable
 .rodata.APBPrescTable
                0x0800510d        0x8 Src\system_stm32f4xx.o
                0x0800510d                APBPrescTable
 *fill*         0x08005115        0x3 
 .rodata._global_impure_ptr
                0x08005118        0x4 c:/program files (x86)/atollic/truestudio for stm32 9.3.0/armtools/bin/../lib/gcc/arm-atollic-eabi/6.3.1/../../../../arm-atollic-eabi/lib/armv7e-m/fpu\libc_nano.a(lib_a-impure.o)
                0x08005118                _global_impure_ptr
 .rodata.__sf_fake_stderr
                0x0800511c       0x20 c:/program files (x86)/atollic/truestudio for stm32 9.3.0/armtools/bin/../lib/gcc/arm-atollic-eabi/6.3.1/../../../../arm-atollic-eabi/lib/armv7e-m/fpu\libc_nano.a(lib_a-findfp.o)
                0x0800511c                __sf_fake_stderr
 .rodata.__sf_fake_stdin
                0x0800513c       0x20 c:/program files (x86)/atollic/truestudio for stm32 9.3.0/armtools/bin/../lib/gcc/arm-atollic-eabi/6.3.1/../../../../arm-atollic-eabi/lib/armv7e-m/fpu\libc_nano.a(lib_a-findfp.o)
                0x0800513c                __sf_fake_stdin
 .rodata.__sf_fake_stdout
                0x0800515c       0x20 c:/program files (x86)/atollic/truestudio for stm32 9.3.0/armtools/bin/../lib/gcc/arm-atollic-eabi/6.3.1/../../../../arm-atollic-eabi/lib/armv7e-m/fpu\libc_nano.a(lib_a-findfp.o)
                0x0800515c                __sf_fake_stdout
 .rodata._vfprintf_r.str1.1
                0x0800517c       0x11 c:/program files (x86)/atollic/truestudio for stm32 9.3.0/armtools/bin/../lib/gcc/arm-atollic-eabi/6.3.1/../../../../arm-atollic-eabi/lib/armv7e-m/fpu\libc_nano.a(lib_a-nano-vfprintf.o)
 .rodata._printf_i.str1.1
                0x0800518d       0x22 c:/program files (x86)/atollic/truestudio for stm32 9.3.0/armtools/bin/../lib/gcc/arm-atollic-eabi/6.3.1/../../../../arm-atollic-eabi/lib/armv7e-m/fpu\libc_nano.a(lib_a-nano-vfprintf_i.o)
                0x080051b0                . = ALIGN (0x4)
 *fill*         0x080051af        0x1 

.ARM.extab
 *(.ARM.extab* .gnu.linkonce.armextab.*)

.ARM            0x080051b0        0x8
                0x080051b0                __exidx_start = .
 *(.ARM.exidx*)
 .ARM.exidx     0x080051b0        0x8 c:/program files (x86)/atollic/truestudio for stm32 9.3.0/armtools/bin/../lib/gcc/arm-atollic-eabi/6.3.1/armv7e-m/fpu\libgcc.a(_udivmoddi4.o)
                0x080051b8                __exidx_end = .

.rel.dyn        0x080051b8        0x0
 .rel.iplt      0x080051b8        0x0 c:/program files (x86)/atollic/truestudio for stm32 9.3.0/armtools/bin/../lib/gcc/arm-atollic-eabi/6.3.1/armv7e-m/fpu/crtbegin.o

.preinit_array  0x080051b8        0x0
                0x080051b8                PROVIDE (__preinit_array_start, .)
 *(.preinit_array*)
                0x080051b8                PROVIDE (__preinit_array_end, .)

.init_array     0x080051b8        0x4
                0x080051b8                PROVIDE (__init_array_start, .)
 *(SORT(.init_array.*))
 *(.init_array*)
 .init_array    0x080051b8        0x4 c:/program files (x86)/atollic/truestudio for stm32 9.3.0/armtools/bin/../lib/gcc/arm-atollic-eabi/6.3.1/armv7e-m/fpu/crtbegin.o
                0x080051bc                PROVIDE (__init_array_end, .)

.fini_array     0x080051bc        0x4
                [!provide]                PROVIDE (__fini_array_start, .)
 *(SORT(.fini_array.*))
 *(.fini_array*)
 .fini_array    0x080051bc        0x4 c:/program files (x86)/atollic/truestudio for stm32 9.3.0/armtools/bin/../lib/gcc/arm-atollic-eabi/6.3.1/armv7e-m/fpu/crtbegin.o
                [!provide]                PROVIDE (__fini_array_end, .)
                0x080051c0                _sidata = LOADADDR (.data)

.data           0x20000000       0x74 load address 0x080051c0
                0x20000000                . = ALIGN (0x4)
                0x20000000                _sdata = .
 *(.data)
 *(.data*)
 .data.uwTickFreq
                0x20000000        0x1 Drivers\STM32F4xx_HAL_Driver\Src\stm32f4xx_hal.o
                0x20000000                uwTickFreq
 *fill*         0x20000001        0x3 
 .data.uxCriticalNesting
                0x20000004        0x4 Middlewares\Third_Party\FreeRTOS\Source\portable\GCC\ARM_CM4F\port.o
 .data.echoON   0x20000008        0x1 Src\main.o
                0x20000008                echoON
 *fill*         0x20000009        0x3 
 .data.SystemCoreClock
                0x2000000c        0x4 Src\system_stm32f4xx.o
                0x2000000c                SystemCoreClock
 .data._impure_ptr
                0x20000010        0x4 c:/program files (x86)/atollic/truestudio for stm32 9.3.0/armtools/bin/../lib/gcc/arm-atollic-eabi/6.3.1/../../../../arm-atollic-eabi/lib/armv7e-m/fpu\libc_nano.a(lib_a-impure.o)
                0x20000010                _impure_ptr
 .data.impure_data
                0x20000014       0x60 c:/program files (x86)/atollic/truestudio for stm32 9.3.0/armtools/bin/../lib/gcc/arm-atollic-eabi/6.3.1/../../../../arm-atollic-eabi/lib/armv7e-m/fpu\libc_nano.a(lib_a-impure.o)
                0x20000074                . = ALIGN (0x4)
                0x20000074                _edata = .
                0x08005234                _siccmram = LOADADDR (.ccmram)

.igot.plt       0x20000074        0x0 load address 0x08005234
 .igot.plt      0x20000074        0x0 c:/program files (x86)/atollic/truestudio for stm32 9.3.0/armtools/bin/../lib/gcc/arm-atollic-eabi/6.3.1/armv7e-m/fpu/crtbegin.o

.ccmram         0x10000000        0x0 load address 0x08005234
                0x10000000                . = ALIGN (0x4)
                0x10000000                _sccmram = .
 *(.ccmram)
 *(.ccmram*)
                0x10000000                . = ALIGN (0x4)
                0x10000000                _eccmram = .
                0x10000000                . = ALIGN (0x4)

.bss            0x20000074     0x60c0
                0x20000074                _sbss = .
                0x20000074                __bss_start__ = _sbss
 *(.bss)
 .bss           0x20000074       0x1c c:/program files (x86)/atollic/truestudio for stm32 9.3.0/armtools/bin/../lib/gcc/arm-atollic-eabi/6.3.1/armv7e-m/fpu/crtbegin.o
 *(.bss*)
 .bss.Idle_Stack
                0x20000090      0x800 Middlewares\Third_Party\FreeRTOS\Source\CMSIS_RTOS_V2\cmsis_os2.o
 .bss.Idle_TCB  0x20000890       0x54 Middlewares\Third_Party\FreeRTOS\Source\CMSIS_RTOS_V2\cmsis_os2.o
 .bss.KernelState
                0x200008e4        0x4 Middlewares\Third_Party\FreeRTOS\Source\CMSIS_RTOS_V2\cmsis_os2.o
 .bss.Timer_Stack
                0x200008e8     0x1000 Middlewares\Third_Party\FreeRTOS\Source\CMSIS_RTOS_V2\cmsis_os2.o
 .bss.Timer_TCB
                0x200018e8       0x54 Middlewares\Third_Party\FreeRTOS\Source\CMSIS_RTOS_V2\cmsis_os2.o
 .bss.ucMaxSysCallPriority
                0x2000193c        0x1 Middlewares\Third_Party\FreeRTOS\Source\portable\GCC\ARM_CM4F\port.o
 *fill*         0x2000193d        0x3 
 .bss.ulMaxPRIGROUPValue
                0x20001940        0x4 Middlewares\Third_Party\FreeRTOS\Source\portable\GCC\ARM_CM4F\port.o
 .bss.pxEnd     0x20001944        0x4 Middlewares\Third_Party\FreeRTOS\Source\portable\MemMang\heap_4.o
 .bss.ucHeap    0x20001948     0x3c00 Middlewares\Third_Party\FreeRTOS\Source\portable\MemMang\heap_4.o
 .bss.xBlockAllocatedBit
                0x20005548        0x4 Middlewares\Third_Party\FreeRTOS\Source\portable\MemMang\heap_4.o
 .bss.xFreeBytesRemaining
                0x2000554c        0x4 Middlewares\Third_Party\FreeRTOS\Source\portable\MemMang\heap_4.o
 .bss.xMinimumEverFreeBytesRemaining
                0x20005550        0x4 Middlewares\Third_Party\FreeRTOS\Source\portable\MemMang\heap_4.o
 .bss.xStart    0x20005554        0x8 Middlewares\Third_Party\FreeRTOS\Source\portable\MemMang\heap_4.o
 .bss.pxCurrentTCB
                0x2000555c        0x4 Middlewares\Third_Party\FreeRTOS\Source\tasks.o
                0x2000555c                pxCurrentTCB
 .bss.pxDelayedTaskList
                0x20005560        0x4 Middlewares\Third_Party\FreeRTOS\Source\tasks.o
 .bss.pxOverflowDelayedTaskList
                0x20005564        0x4 Middlewares\Third_Party\FreeRTOS\Source\tasks.o
 .bss.pxReadyTasksLists
                0x20005568      0x460 Middlewares\Third_Party\FreeRTOS\Source\tasks.o
 .bss.uxCurrentNumberOfTasks
                0x200059c8        0x4 Middlewares\Third_Party\FreeRTOS\Source\tasks.o
 .bss.uxDeletedTasksWaitingCleanUp
                0x200059cc        0x4 Middlewares\Third_Party\FreeRTOS\Source\tasks.o
 .bss.uxPendedTicks
                0x200059d0        0x4 Middlewares\Third_Party\FreeRTOS\Source\tasks.o
 .bss.uxSchedulerSuspended
                0x200059d4        0x4 Middlewares\Third_Party\FreeRTOS\Source\tasks.o
 .bss.uxTaskNumber
                0x200059d8        0x4 Middlewares\Third_Party\FreeRTOS\Source\tasks.o
 .bss.uxTopReadyPriority
                0x200059dc        0x4 Middlewares\Third_Party\FreeRTOS\Source\tasks.o
 .bss.xDelayedTaskList1
                0x200059e0       0x14 Middlewares\Third_Party\FreeRTOS\Source\tasks.o
 .bss.xDelayedTaskList2
                0x200059f4       0x14 Middlewares\Third_Party\FreeRTOS\Source\tasks.o
 .bss.xNextTaskUnblockTime
                0x20005a08        0x4 Middlewares\Third_Party\FreeRTOS\Source\tasks.o
 .bss.xNumOfOverflows
                0x20005a0c        0x4 Middlewares\Third_Party\FreeRTOS\Source\tasks.o
 .bss.xPendingReadyList
                0x20005a10       0x14 Middlewares\Third_Party\FreeRTOS\Source\tasks.o
 .bss.xSchedulerRunning
                0x20005a24        0x4 Middlewares\Third_Party\FreeRTOS\Source\tasks.o
 .bss.xSuspendedTaskList
                0x20005a28       0x14 Middlewares\Third_Party\FreeRTOS\Source\tasks.o
 .bss.xTasksWaitingTermination
                0x20005a3c       0x14 Middlewares\Third_Party\FreeRTOS\Source\tasks.o
 .bss.xTickCount
                0x20005a50        0x4 Middlewares\Third_Party\FreeRTOS\Source\tasks.o
 .bss.xYieldPending
                0x20005a54        0x4 Middlewares\Third_Party\FreeRTOS\Source\tasks.o
 .bss.pxCurrentTimerList
                0x20005a58        0x4 Middlewares\Third_Party\FreeRTOS\Source\timers.o
 .bss.pxOverflowTimerList
                0x20005a5c        0x4 Middlewares\Third_Party\FreeRTOS\Source\timers.o
 .bss.ucStaticTimerQueueStorage.6621
                0x20005a60       0x78 Middlewares\Third_Party\FreeRTOS\Source\timers.o
 .bss.xActiveTimerList1
                0x20005ad8       0x14 Middlewares\Third_Party\FreeRTOS\Source\timers.o
 .bss.xActiveTimerList2
                0x20005aec       0x14 Middlewares\Third_Party\FreeRTOS\Source\timers.o
 .bss.xLastTime.6572
                0x20005b00        0x4 Middlewares\Third_Party\FreeRTOS\Source\timers.o
 .bss.xStaticTimerQueue.6620
                0x20005b04       0x48 Middlewares\Third_Party\FreeRTOS\Source\timers.o
 .bss.xTimerQueue
                0x20005b4c        0x4 Middlewares\Third_Party\FreeRTOS\Source\timers.o
 .bss.xTimerTaskHandle
                0x20005b50        0x4 Middlewares\Third_Party\FreeRTOS\Source\timers.o
 .bss.MasterToTransfer
                0x20005b54        0x1 Src\main.o
                0x20005b54                MasterToTransfer
 .bss.SlaveToTransfer
                0x20005b55        0x1 Src\main.o
                0x20005b55                SlaveToTransfer
 .bss.wasReaddenMaster
                0x20005b56        0x2 Src\main.o
                0x20005b56                wasReaddenMaster
 .bss.heap_end.9600
                0x20005b58        0x4 Src\syscalls.o
 .bss.__malloc_free_list
                0x20005b5c        0x4 c:/program files (x86)/atollic/truestudio for stm32 9.3.0/armtools/bin/../lib/gcc/arm-atollic-eabi/6.3.1/../../../../arm-atollic-eabi/lib/armv7e-m/fpu\libc_nano.a(lib_a-nano-mallocr.o)
                0x20005b5c                __malloc_free_list
 .bss.__malloc_sbrk_start
                0x20005b60        0x4 c:/program files (x86)/atollic/truestudio for stm32 9.3.0/armtools/bin/../lib/gcc/arm-atollic-eabi/6.3.1/../../../../arm-atollic-eabi/lib/armv7e-m/fpu\libc_nano.a(lib_a-nano-mallocr.o)
                0x20005b60                __malloc_sbrk_start
 *(COMMON)
 COMMON         0x20005b64        0x4 Drivers\STM32F4xx_HAL_Driver\Src\stm32f4xx_hal.o
                0x20005b64                uwTick
 COMMON         0x20005b68       0x40 Middlewares\Third_Party\FreeRTOS\Source\queue.o
                0x20005b68                xQueueRegistry
 COMMON         0x20005ba8      0x548 Src\main.o
                0x20005ba8                rxQueueMaster
                0x20005bac                defaultTaskHandle
                0x20005bb0                phuartSlave
                0x20005bb4                rxMasterISR
                0x20005c7c                huart3
                0x20005cbc                rx1Master
                0x20005d84                rx1Slave
                0x20005e4c                myTask02Handle
                0x20005e50                rxSlaveISR
                0x20005f18                phuartMaster
                0x20005f1c                rxQueueSlave
                0x20005f20                txMaster
                0x20005fe8                txSlave
                0x200060b0                huart2
 COMMON         0x200060f0       0x40 Src\stm32f4xx_hal_timebase_tim.o
                0x200060f0                htim14
 COMMON         0x20006130        0x4 c:/program files (x86)/atollic/truestudio for stm32 9.3.0/armtools/bin/../lib/gcc/arm-atollic-eabi/6.3.1/../../../../arm-atollic-eabi/lib/armv7e-m/fpu\libc_nano.a(lib_a-reent.o)
                0x20006130                errno
                0x20006134                . = ALIGN (0x4)
                0x20006134                _ebss = .
                0x20006134                __bss_end__ = _ebss

._user_heap_stack
                0x20006134     0x8000
                0x20006134                . = ALIGN (0x4)
                0x20006134                PROVIDE (end, .)
                [!provide]                PROVIDE (_end, .)
                0x20009134                . = (. + _Min_Heap_Size)
 *fill*         0x20006134     0x3000 
                0x2000e134                . = (. + _Min_Stack_Size)
 *fill*         0x20009134     0x5000 
                0x2000e134                . = ALIGN (0x4)

/DISCARD/
 libc.a(*)
 libm.a(*)
 libgcc.a(*)

.ARM.attributes
                0x00000000       0x30
 *(.ARM.attributes)
 .ARM.attributes
                0x00000000       0x22 c:/program files (x86)/atollic/truestudio for stm32 9.3.0/armtools/bin/../lib/gcc/arm-atollic-eabi/6.3.1/armv7e-m/fpu/crti.o
 .ARM.attributes
                0x00000022       0x34 c:/program files (x86)/atollic/truestudio for stm32 9.3.0/armtools/bin/../lib/gcc/arm-atollic-eabi/6.3.1/armv7e-m/fpu/crtbegin.o
 .ARM.attributes
                0x00000056       0x39 Drivers\STM32F4xx_HAL_Driver\Src\stm32f4xx_hal.o
 .ARM.attributes
                0x0000008f       0x39 Drivers\STM32F4xx_HAL_Driver\Src\stm32f4xx_hal_cortex.o
 .ARM.attributes
                0x000000c8       0x39 Drivers\STM32F4xx_HAL_Driver\Src\stm32f4xx_hal_dma.o
 .ARM.attributes
                0x00000101       0x39 Drivers\STM32F4xx_HAL_Driver\Src\stm32f4xx_hal_gpio.o
 .ARM.attributes
                0x0000013a       0x39 Drivers\STM32F4xx_HAL_Driver\Src\stm32f4xx_hal_rcc.o
 .ARM.attributes
                0x00000173       0x39 Drivers\STM32F4xx_HAL_Driver\Src\stm32f4xx_hal_tim.o
 .ARM.attributes
                0x000001ac       0x39 Drivers\STM32F4xx_HAL_Driver\Src\stm32f4xx_hal_tim_ex.o
 .ARM.attributes
                0x000001e5       0x39 Drivers\STM32F4xx_HAL_Driver\Src\stm32f4xx_hal_uart.o
 .ARM.attributes
                0x0000021e       0x39 Middlewares\Third_Party\FreeRTOS\Source\CMSIS_RTOS_V2\cmsis_os2.o
 .ARM.attributes
                0x00000257       0x39 Middlewares\Third_Party\FreeRTOS\Source\list.o
 .ARM.attributes
                0x00000290       0x39 Middlewares\Third_Party\FreeRTOS\Source\portable\GCC\ARM_CM4F\port.o
 .ARM.attributes
                0x000002c9       0x39 Middlewares\Third_Party\FreeRTOS\Source\portable\MemMang\heap_4.o
 .ARM.attributes
                0x00000302       0x39 Middlewares\Third_Party\FreeRTOS\Source\queue.o
 .ARM.attributes
                0x0000033b       0x39 Middlewares\Third_Party\FreeRTOS\Source\tasks.o
 .ARM.attributes
                0x00000374       0x39 Middlewares\Third_Party\FreeRTOS\Source\timers.o
 .ARM.attributes
                0x000003ad       0x39 Src\at_command.o
 .ARM.attributes
                0x000003e6       0x39 Src\main.o
 .ARM.attributes
                0x0000041f       0x39 Src\stm32f4xx_hal_msp.o
 .ARM.attributes
                0x00000458       0x39 Src\stm32f4xx_hal_timebase_tim.o
 .ARM.attributes
                0x00000491       0x39 Src\stm32f4xx_it.o
 .ARM.attributes
                0x000004ca       0x39 Src\syscalls.o
 .ARM.attributes
                0x00000503       0x39 Src\system_stm32f4xx.o
 .ARM.attributes
                0x0000053c       0x21 startup\startup_stm32f407xx.o
 .ARM.attributes
                0x0000055d       0x34 c:/program files (x86)/atollic/truestudio for stm32 9.3.0/armtools/bin/../lib/gcc/arm-atollic-eabi/6.3.1/../../../../arm-atollic-eabi/lib/armv7e-m/fpu\libc_nano.a(lib_a-errno.o)
 .ARM.attributes
                0x00000591       0x34 c:/program files (x86)/atollic/truestudio for stm32 9.3.0/armtools/bin/../lib/gcc/arm-atollic-eabi/6.3.1/../../../../arm-atollic-eabi/lib/armv7e-m/fpu\libc_nano.a(lib_a-impure.o)
 .ARM.attributes
                0x000005c5       0x34 c:/program files (x86)/atollic/truestudio for stm32 9.3.0/armtools/bin/../lib/gcc/arm-atollic-eabi/6.3.1/../../../../arm-atollic-eabi/lib/armv7e-m/fpu\libc_nano.a(lib_a-init.o)
 .ARM.attributes
                0x000005f9       0x34 c:/program files (x86)/atollic/truestudio for stm32 9.3.0/armtools/bin/../lib/gcc/arm-atollic-eabi/6.3.1/../../../../arm-atollic-eabi/lib/armv7e-m/fpu\libc_nano.a(lib_a-memcpy-stub.o)
 .ARM.attributes
                0x0000062d       0x34 c:/program files (x86)/atollic/truestudio for stm32 9.3.0/armtools/bin/../lib/gcc/arm-atollic-eabi/6.3.1/../../../../arm-atollic-eabi/lib/armv7e-m/fpu\libc_nano.a(lib_a-memset.o)
 .ARM.attributes
                0x00000661       0x34 c:/program files (x86)/atollic/truestudio for stm32 9.3.0/armtools/bin/../lib/gcc/arm-atollic-eabi/6.3.1/../../../../arm-atollic-eabi/lib/armv7e-m/fpu\libc_nano.a(lib_a-printf.o)
 .ARM.attributes
                0x00000695       0x34 c:/program files (x86)/atollic/truestudio for stm32 9.3.0/armtools/bin/../lib/gcc/arm-atollic-eabi/6.3.1/../../../../arm-atollic-eabi/lib/armv7e-m/fpu\libc_nano.a(lib_a-putchar.o)
 .ARM.attributes
                0x000006c9       0x34 c:/program files (x86)/atollic/truestudio for stm32 9.3.0/armtools/bin/../lib/gcc/arm-atollic-eabi/6.3.1/../../../../arm-atollic-eabi/lib/armv7e-m/fpu\libc_nano.a(lib_a-puts.o)
 .ARM.attributes
                0x000006fd       0x34 c:/program files (x86)/atollic/truestudio for stm32 9.3.0/armtools/bin/../lib/gcc/arm-atollic-eabi/6.3.1/../../../../arm-atollic-eabi/lib/armv7e-m/fpu\libc_nano.a(lib_a-wbuf.o)
 .ARM.attributes
                0x00000731       0x34 c:/program files (x86)/atollic/truestudio for stm32 9.3.0/armtools/bin/../lib/gcc/arm-atollic-eabi/6.3.1/../../../../arm-atollic-eabi/lib/armv7e-m/fpu\libc_nano.a(lib_a-wsetup.o)
 .ARM.attributes
                0x00000765       0x34 c:/program files (x86)/atollic/truestudio for stm32 9.3.0/armtools/bin/../lib/gcc/arm-atollic-eabi/6.3.1/../../../../arm-atollic-eabi/lib/armv7e-m/fpu\libc_nano.a(lib_a-fflush.o)
 .ARM.attributes
                0x00000799       0x34 c:/program files (x86)/atollic/truestudio for stm32 9.3.0/armtools/bin/../lib/gcc/arm-atollic-eabi/6.3.1/../../../../arm-atollic-eabi/lib/armv7e-m/fpu\libc_nano.a(lib_a-findfp.o)
 .ARM.attributes
                0x000007cd       0x34 c:/program files (x86)/atollic/truestudio for stm32 9.3.0/armtools/bin/../lib/gcc/arm-atollic-eabi/6.3.1/../../../../arm-atollic-eabi/lib/armv7e-m/fpu\libc_nano.a(lib_a-fwalk.o)
 .ARM.attributes
                0x00000801       0x34 c:/program files (x86)/atollic/truestudio for stm32 9.3.0/armtools/bin/../lib/gcc/arm-atollic-eabi/6.3.1/../../../../arm-atollic-eabi/lib/armv7e-m/fpu\libc_nano.a(lib_a-makebuf.o)
 .ARM.attributes
                0x00000835       0x34 c:/program files (x86)/atollic/truestudio for stm32 9.3.0/armtools/bin/../lib/gcc/arm-atollic-eabi/6.3.1/../../../../arm-atollic-eabi/lib/armv7e-m/fpu\libc_nano.a(lib_a-nano-freer.o)
 .ARM.attributes
                0x00000869       0x34 c:/program files (x86)/atollic/truestudio for stm32 9.3.0/armtools/bin/../lib/gcc/arm-atollic-eabi/6.3.1/../../../../arm-atollic-eabi/lib/armv7e-m/fpu\libc_nano.a(lib_a-nano-mallocr.o)
 .ARM.attributes
                0x0000089d       0x34 c:/program files (x86)/atollic/truestudio for stm32 9.3.0/armtools/bin/../lib/gcc/arm-atollic-eabi/6.3.1/../../../../arm-atollic-eabi/lib/armv7e-m/fpu\libc_nano.a(lib_a-nano-vfprintf.o)
 .ARM.attributes
                0x000008d1       0x34 c:/program files (x86)/atollic/truestudio for stm32 9.3.0/armtools/bin/../lib/gcc/arm-atollic-eabi/6.3.1/../../../../arm-atollic-eabi/lib/armv7e-m/fpu\libc_nano.a(lib_a-nano-vfprintf_i.o)
 .ARM.attributes
                0x00000905       0x34 c:/program files (x86)/atollic/truestudio for stm32 9.3.0/armtools/bin/../lib/gcc/arm-atollic-eabi/6.3.1/../../../../arm-atollic-eabi/lib/armv7e-m/fpu\libc_nano.a(lib_a-putc.o)
 .ARM.attributes
                0x00000939       0x34 c:/program files (x86)/atollic/truestudio for stm32 9.3.0/armtools/bin/../lib/gcc/arm-atollic-eabi/6.3.1/../../../../arm-atollic-eabi/lib/armv7e-m/fpu\libc_nano.a(lib_a-sbrkr.o)
 .ARM.attributes
                0x0000096d       0x34 c:/program files (x86)/atollic/truestudio for stm32 9.3.0/armtools/bin/../lib/gcc/arm-atollic-eabi/6.3.1/../../../../arm-atollic-eabi/lib/armv7e-m/fpu\libc_nano.a(lib_a-stdio.o)
 .ARM.attributes
                0x000009a1       0x34 c:/program files (x86)/atollic/truestudio for stm32 9.3.0/armtools/bin/../lib/gcc/arm-atollic-eabi/6.3.1/../../../../arm-atollic-eabi/lib/armv7e-m/fpu\libc_nano.a(lib_a-writer.o)
 .ARM.attributes
                0x000009d5       0x34 c:/program files (x86)/atollic/truestudio for stm32 9.3.0/armtools/bin/../lib/gcc/arm-atollic-eabi/6.3.1/../../../../arm-atollic-eabi/lib/armv7e-m/fpu\libc_nano.a(lib_a-closer.o)
 .ARM.attributes
                0x00000a09       0x34 c:/program files (x86)/atollic/truestudio for stm32 9.3.0/armtools/bin/../lib/gcc/arm-atollic-eabi/6.3.1/../../../../arm-atollic-eabi/lib/armv7e-m/fpu\libc_nano.a(lib_a-fstatr.o)
 .ARM.attributes
                0x00000a3d       0x34 c:/program files (x86)/atollic/truestudio for stm32 9.3.0/armtools/bin/../lib/gcc/arm-atollic-eabi/6.3.1/../../../../arm-atollic-eabi/lib/armv7e-m/fpu\libc_nano.a(lib_a-isattyr.o)
 .ARM.attributes
                0x00000a71       0x34 c:/program files (x86)/atollic/truestudio for stm32 9.3.0/armtools/bin/../lib/gcc/arm-atollic-eabi/6.3.1/../../../../arm-atollic-eabi/lib/armv7e-m/fpu\libc_nano.a(lib_a-lseekr.o)
 .ARM.attributes
                0x00000aa5       0x20 c:/program files (x86)/atollic/truestudio for stm32 9.3.0/armtools/bin/../lib/gcc/arm-atollic-eabi/6.3.1/../../../../arm-atollic-eabi/lib/armv7e-m/fpu\libc_nano.a(lib_a-memchr.o)
 .ARM.attributes
                0x00000ac5       0x34 c:/program files (x86)/atollic/truestudio for stm32 9.3.0/armtools/bin/../lib/gcc/arm-atollic-eabi/6.3.1/../../../../arm-atollic-eabi/lib/armv7e-m/fpu\libc_nano.a(lib_a-mlock.o)
 .ARM.attributes
                0x00000af9       0x34 c:/program files (x86)/atollic/truestudio for stm32 9.3.0/armtools/bin/../lib/gcc/arm-atollic-eabi/6.3.1/../../../../arm-atollic-eabi/lib/armv7e-m/fpu\libc_nano.a(lib_a-readr.o)
 .ARM.attributes
                0x00000b2d       0x34 c:/program files (x86)/atollic/truestudio for stm32 9.3.0/armtools/bin/../lib/gcc/arm-atollic-eabi/6.3.1/../../../../arm-atollic-eabi/lib/armv7e-m/fpu\libc_nano.a(lib_a-reent.o)
 .ARM.attributes
                0x00000b61       0x22 c:/program files (x86)/atollic/truestudio for stm32 9.3.0/armtools/bin/../lib/gcc/arm-atollic-eabi/6.3.1/armv7e-m/fpu\libgcc.a(_aeabi_uldivmod.o)
 .ARM.attributes
                0x00000b83       0x34 c:/program files (x86)/atollic/truestudio for stm32 9.3.0/armtools/bin/../lib/gcc/arm-atollic-eabi/6.3.1/armv7e-m/fpu\libgcc.a(_udivmoddi4.o)
 .ARM.attributes
                0x00000bb7       0x22 c:/program files (x86)/atollic/truestudio for stm32 9.3.0/armtools/bin/../lib/gcc/arm-atollic-eabi/6.3.1/armv7e-m/fpu\libgcc.a(_dvmd_tls.o)
 .ARM.attributes
                0x00000bd9       0x22 c:/program files (x86)/atollic/truestudio for stm32 9.3.0/armtools/bin/../lib/gcc/arm-atollic-eabi/6.3.1/armv7e-m/fpu/crtn.o
OUTPUT(STM32F407VET6 UART2 UART3 FreeRtos Atollic.elf elf32-littlearm)

.debug_info     0x00000000    0x1f737
 .debug_info    0x00000000      0xa19 Drivers\STM32F4xx_HAL_Driver\Src\stm32f4xx_hal.o
 .debug_info    0x00000a19     0x11d2 Drivers\STM32F4xx_HAL_Driver\Src\stm32f4xx_hal_cortex.o
 .debug_info    0x00001beb      0xc31 Drivers\STM32F4xx_HAL_Driver\Src\stm32f4xx_hal_dma.o
 .debug_info    0x0000281c      0x8d4 Drivers\STM32F4xx_HAL_Driver\Src\stm32f4xx_hal_gpio.o
 .debug_info    0x000030f0      0xcf1 Drivers\STM32F4xx_HAL_Driver\Src\stm32f4xx_hal_rcc.o
 .debug_info    0x00003de1     0x457f Drivers\STM32F4xx_HAL_Driver\Src\stm32f4xx_hal_tim.o
 .debug_info    0x00008360     0x1a6e Drivers\STM32F4xx_HAL_Driver\Src\stm32f4xx_hal_tim_ex.o
 .debug_info    0x00009dce     0x1992 Drivers\STM32F4xx_HAL_Driver\Src\stm32f4xx_hal_uart.o
 .debug_info    0x0000b760     0x495e Middlewares\Third_Party\FreeRTOS\Source\CMSIS_RTOS_V2\cmsis_os2.o
 .debug_info    0x000100be      0xac5 Middlewares\Third_Party\FreeRTOS\Source\list.o
 .debug_info    0x00010b83      0x572 Middlewares\Third_Party\FreeRTOS\Source\portable\GCC\ARM_CM4F\port.o
 .debug_info    0x000110f5      0xca5 Middlewares\Third_Party\FreeRTOS\Source\portable\MemMang\heap_4.o
 .debug_info    0x00011d9a     0x2b80 Middlewares\Third_Party\FreeRTOS\Source\queue.o
 .debug_info    0x0001491a     0x2e95 Middlewares\Third_Party\FreeRTOS\Source\tasks.o
 .debug_info    0x000177af     0x1e8a Middlewares\Third_Party\FreeRTOS\Source\timers.o
 .debug_info    0x00019639      0xa91 Src\at_command.o
 .debug_info    0x0001a0ca     0x1cce Src\main.o
 .debug_info    0x0001bd98      0xc83 Src\stm32f4xx_hal_msp.o
 .debug_info    0x0001ca1b      0xba2 Src\stm32f4xx_hal_timebase_tim.o
 .debug_info    0x0001d5bd      0x8ed Src\stm32f4xx_it.o
 .debug_info    0x0001deaa     0x12e6 Src\syscalls.o
 .debug_info    0x0001f190      0x50a Src\system_stm32f4xx.o
 .debug_info    0x0001f69a       0x9d startup\startup_stm32f407xx.o

.debug_abbrev   0x00000000     0x3d49
 .debug_abbrev  0x00000000      0x23d Drivers\STM32F4xx_HAL_Driver\Src\stm32f4xx_hal.o
 .debug_abbrev  0x0000023d      0x355 Drivers\STM32F4xx_HAL_Driver\Src\stm32f4xx_hal_cortex.o
 .debug_abbrev  0x00000592      0x2fb Drivers\STM32F4xx_HAL_Driver\Src\stm32f4xx_hal_dma.o
 .debug_abbrev  0x0000088d      0x226 Drivers\STM32F4xx_HAL_Driver\Src\stm32f4xx_hal_gpio.o
 .debug_abbrev  0x00000ab3      0x2dc Drivers\STM32F4xx_HAL_Driver\Src\stm32f4xx_hal_rcc.o
 .debug_abbrev  0x00000d8f      0x30e Drivers\STM32F4xx_HAL_Driver\Src\stm32f4xx_hal_tim.o
 .debug_abbrev  0x0000109d      0x27c Drivers\STM32F4xx_HAL_Driver\Src\stm32f4xx_hal_tim_ex.o
 .debug_abbrev  0x00001319      0x2fb Drivers\STM32F4xx_HAL_Driver\Src\stm32f4xx_hal_uart.o
 .debug_abbrev  0x00001614      0x47b Middlewares\Third_Party\FreeRTOS\Source\CMSIS_RTOS_V2\cmsis_os2.o
 .debug_abbrev  0x00001a8f      0x1ea Middlewares\Third_Party\FreeRTOS\Source\list.o
 .debug_abbrev  0x00001c79      0x23a Middlewares\Third_Party\FreeRTOS\Source\portable\GCC\ARM_CM4F\port.o
 .debug_abbrev  0x00001eb3      0x314 Middlewares\Third_Party\FreeRTOS\Source\portable\MemMang\heap_4.o
 .debug_abbrev  0x000021c7      0x404 Middlewares\Third_Party\FreeRTOS\Source\queue.o
 .debug_abbrev  0x000025cb      0x41a Middlewares\Third_Party\FreeRTOS\Source\tasks.o
 .debug_abbrev  0x000029e5      0x3c1 Middlewares\Third_Party\FreeRTOS\Source\timers.o
 .debug_abbrev  0x00002da6      0x247 Src\at_command.o
 .debug_abbrev  0x00002fed      0x369 Src\main.o
 .debug_abbrev  0x00003356      0x1e4 Src\stm32f4xx_hal_msp.o
 .debug_abbrev  0x0000353a      0x1e7 Src\stm32f4xx_hal_timebase_tim.o
 .debug_abbrev  0x00003721      0x1a4 Src\stm32f4xx_it.o
 .debug_abbrev  0x000038c5      0x364 Src\syscalls.o
 .debug_abbrev  0x00003c29      0x10e Src\system_stm32f4xx.o
 .debug_abbrev  0x00003d37       0x12 startup\startup_stm32f407xx.o

.debug_loc      0x00000000     0xd939
 .debug_loc     0x00000000       0xf3 Drivers\STM32F4xx_HAL_Driver\Src\stm32f4xx_hal.o
 .debug_loc     0x000000f3      0x5a8 Drivers\STM32F4xx_HAL_Driver\Src\stm32f4xx_hal_cortex.o
 .debug_loc     0x0000069b      0x770 Drivers\STM32F4xx_HAL_Driver\Src\stm32f4xx_hal_dma.o
 .debug_loc     0x00000e0b      0x461 Drivers\STM32F4xx_HAL_Driver\Src\stm32f4xx_hal_gpio.o
 .debug_loc     0x0000126c      0x284 Drivers\STM32F4xx_HAL_Driver\Src\stm32f4xx_hal_rcc.o
 .debug_loc     0x000014f0     0x310d Drivers\STM32F4xx_HAL_Driver\Src\stm32f4xx_hal_tim.o
 .debug_loc     0x000045fd      0xd7f Drivers\STM32F4xx_HAL_Driver\Src\stm32f4xx_hal_tim_ex.o
 .debug_loc     0x0000537c     0x1354 Drivers\STM32F4xx_HAL_Driver\Src\stm32f4xx_hal_uart.o
 .debug_loc     0x000066d0     0x2b17 Middlewares\Third_Party\FreeRTOS\Source\CMSIS_RTOS_V2\cmsis_os2.o
 .debug_loc     0x000091e7       0x94 Middlewares\Third_Party\FreeRTOS\Source\list.o
 .debug_loc     0x0000927b       0xcf Middlewares\Third_Party\FreeRTOS\Source\portable\GCC\ARM_CM4F\port.o
 .debug_loc     0x0000934a      0x390 Middlewares\Third_Party\FreeRTOS\Source\portable\MemMang\heap_4.o
 .debug_loc     0x000096da     0x13db Middlewares\Third_Party\FreeRTOS\Source\queue.o
 .debug_loc     0x0000aab5     0x14bc Middlewares\Third_Party\FreeRTOS\Source\tasks.o
 .debug_loc     0x0000bf71      0xa4c Middlewares\Third_Party\FreeRTOS\Source\timers.o
 .debug_loc     0x0000c9bd      0x417 Src\at_command.o
 .debug_loc     0x0000cdd4      0x582 Src\main.o
 .debug_loc     0x0000d356       0x8a Src\stm32f4xx_hal_msp.o
 .debug_loc     0x0000d3e0       0xa5 Src\stm32f4xx_hal_timebase_tim.o
 .debug_loc     0x0000d485      0x398 Src\syscalls.o
 .debug_loc     0x0000d81d      0x11c Src\system_stm32f4xx.o

.debug_aranges  0x00000000     0x1120
 .debug_aranges
                0x00000000       0xe8 Drivers\STM32F4xx_HAL_Driver\Src\stm32f4xx_hal.o
 .debug_aranges
                0x000000e8       0xa8 Drivers\STM32F4xx_HAL_Driver\Src\stm32f4xx_hal_cortex.o
 .debug_aranges
                0x00000190       0x80 Drivers\STM32F4xx_HAL_Driver\Src\stm32f4xx_hal_dma.o
 .debug_aranges
                0x00000210       0x58 Drivers\STM32F4xx_HAL_Driver\Src\stm32f4xx_hal_gpio.o
 .debug_aranges
                0x00000268       0x88 Drivers\STM32F4xx_HAL_Driver\Src\stm32f4xx_hal_rcc.o
 .debug_aranges
                0x000002f0      0x2a8 Drivers\STM32F4xx_HAL_Driver\Src\stm32f4xx_hal_tim.o
 .debug_aranges
                0x00000598      0x130 Drivers\STM32F4xx_HAL_Driver\Src\stm32f4xx_hal_tim_ex.o
 .debug_aranges
                0x000006c8      0x170 Drivers\STM32F4xx_HAL_Driver\Src\stm32f4xx_hal_uart.o
 .debug_aranges
                0x00000838      0x218 Middlewares\Third_Party\FreeRTOS\Source\CMSIS_RTOS_V2\cmsis_os2.o
 .debug_aranges
                0x00000a50       0x40 Middlewares\Third_Party\FreeRTOS\Source\list.o
 .debug_aranges
                0x00000a90       0x80 Middlewares\Third_Party\FreeRTOS\Source\portable\GCC\ARM_CM4F\port.o
 .debug_aranges
                0x00000b10       0x48 Middlewares\Third_Party\FreeRTOS\Source\portable\MemMang\heap_4.o
 .debug_aranges
                0x00000b58      0x118 Middlewares\Third_Party\FreeRTOS\Source\queue.o
 .debug_aranges
                0x00000c70      0x1a0 Middlewares\Third_Party\FreeRTOS\Source\tasks.o
 .debug_aranges
                0x00000e10       0x90 Middlewares\Third_Party\FreeRTOS\Source\timers.o
 .debug_aranges
                0x00000ea0       0x40 Src\at_command.o
 .debug_aranges
                0x00000ee0       0x88 Src\main.o
 .debug_aranges
                0x00000f68       0x30 Src\stm32f4xx_hal_msp.o
 .debug_aranges
                0x00000f98       0x30 Src\stm32f4xx_hal_timebase_tim.o
 .debug_aranges
                0x00000fc8       0x58 Src\stm32f4xx_it.o
 .debug_aranges
                0x00001020       0xb0 Src\syscalls.o
 .debug_aranges
                0x000010d0       0x28 Src\system_stm32f4xx.o
 .debug_aranges
                0x000010f8       0x28 startup\startup_stm32f407xx.o

.debug_ranges   0x00000000     0x1678
 .debug_ranges  0x00000000       0xd8 Drivers\STM32F4xx_HAL_Driver\Src\stm32f4xx_hal.o
 .debug_ranges  0x000000d8      0x110 Drivers\STM32F4xx_HAL_Driver\Src\stm32f4xx_hal_cortex.o
 .debug_ranges  0x000001e8       0xb0 Drivers\STM32F4xx_HAL_Driver\Src\stm32f4xx_hal_dma.o
 .debug_ranges  0x00000298       0x60 Drivers\STM32F4xx_HAL_Driver\Src\stm32f4xx_hal_gpio.o
 .debug_ranges  0x000002f8       0xb8 Drivers\STM32F4xx_HAL_Driver\Src\stm32f4xx_hal_rcc.o
 .debug_ranges  0x000003b0      0x378 Drivers\STM32F4xx_HAL_Driver\Src\stm32f4xx_hal_tim.o
 .debug_ranges  0x00000728      0x120 Drivers\STM32F4xx_HAL_Driver\Src\stm32f4xx_hal_tim_ex.o
 .debug_ranges  0x00000848      0x178 Drivers\STM32F4xx_HAL_Driver\Src\stm32f4xx_hal_uart.o
 .debug_ranges  0x000009c0      0x208 Middlewares\Third_Party\FreeRTOS\Source\CMSIS_RTOS_V2\cmsis_os2.o
 .debug_ranges  0x00000bc8       0x30 Middlewares\Third_Party\FreeRTOS\Source\list.o
 .debug_ranges  0x00000bf8       0x70 Middlewares\Third_Party\FreeRTOS\Source\portable\GCC\ARM_CM4F\port.o
 .debug_ranges  0x00000c68       0x38 Middlewares\Third_Party\FreeRTOS\Source\portable\MemMang\heap_4.o
 .debug_ranges  0x00000ca0      0x248 Middlewares\Third_Party\FreeRTOS\Source\queue.o
 .debug_ranges  0x00000ee8      0x238 Middlewares\Third_Party\FreeRTOS\Source\tasks.o
 .debug_ranges  0x00001120      0x150 Middlewares\Third_Party\FreeRTOS\Source\timers.o
 .debug_ranges  0x00001270       0x50 Src\at_command.o
 .debug_ranges  0x000012c0      0x1c8 Src\main.o
 .debug_ranges  0x00001488       0x68 Src\stm32f4xx_hal_msp.o
 .debug_ranges  0x000014f0       0x40 Src\stm32f4xx_hal_timebase_tim.o
 .debug_ranges  0x00001530       0x48 Src\stm32f4xx_it.o
 .debug_ranges  0x00001578       0xc8 Src\syscalls.o
 .debug_ranges  0x00001640       0x18 Src\system_stm32f4xx.o
 .debug_ranges  0x00001658       0x20 startup\startup_stm32f407xx.o

.debug_line     0x00000000     0xb388
 .debug_line    0x00000000      0x44f Drivers\STM32F4xx_HAL_Driver\Src\stm32f4xx_hal.o
 .debug_line    0x0000044f      0x540 Drivers\STM32F4xx_HAL_Driver\Src\stm32f4xx_hal_cortex.o
 .debug_line    0x0000098f      0x6c1 Drivers\STM32F4xx_HAL_Driver\Src\stm32f4xx_hal_dma.o
 .debug_line    0x00001050      0x4ef Drivers\STM32F4xx_HAL_Driver\Src\stm32f4xx_hal_gpio.o
 .debug_line    0x0000153f      0x5fc Drivers\STM32F4xx_HAL_Driver\Src\stm32f4xx_hal_rcc.o
 .debug_line    0x00001b3b     0x2afa Drivers\STM32F4xx_HAL_Driver\Src\stm32f4xx_hal_tim.o
 .debug_line    0x00004635      0xbfc Drivers\STM32F4xx_HAL_Driver\Src\stm32f4xx_hal_tim_ex.o
 .debug_line    0x00005231      0xd58 Drivers\STM32F4xx_HAL_Driver\Src\stm32f4xx_hal_uart.o
 .debug_line    0x00005f89     0x1434 Middlewares\Third_Party\FreeRTOS\Source\CMSIS_RTOS_V2\cmsis_os2.o
 .debug_line    0x000073bd      0x367 Middlewares\Third_Party\FreeRTOS\Source\list.o
 .debug_line    0x00007724      0x36b Middlewares\Third_Party\FreeRTOS\Source\portable\GCC\ARM_CM4F\port.o
 .debug_line    0x00007a8f      0x415 Middlewares\Third_Party\FreeRTOS\Source\portable\MemMang\heap_4.o
 .debug_line    0x00007ea4      0xa72 Middlewares\Third_Party\FreeRTOS\Source\queue.o
 .debug_line    0x00008916      0xcb4 Middlewares\Third_Party\FreeRTOS\Source\tasks.o
 .debug_line    0x000095ca      0x5fa Middlewares\Third_Party\FreeRTOS\Source\timers.o
 .debug_line    0x00009bc4      0x320 Src\at_command.o
 .debug_line    0x00009ee4      0x60c Src\main.o
 .debug_line    0x0000a4f0      0x2b3 Src\stm32f4xx_hal_msp.o
 .debug_line    0x0000a7a3      0x290 Src\stm32f4xx_hal_timebase_tim.o
 .debug_line    0x0000aa33      0x29a Src\stm32f4xx_it.o
 .debug_line    0x0000accd      0x45e Src\syscalls.o
 .debug_line    0x0000b12b      0x1de Src\system_stm32f4xx.o
 .debug_line    0x0000b309       0x7f startup\startup_stm32f407xx.o

.debug_str      0x00000000     0x6cbe
 .debug_str     0x00000000      0xb7a Drivers\STM32F4xx_HAL_Driver\Src\stm32f4xx_hal.o
                                0xbe8 (size before relaxing)
 .debug_str     0x00000b7a      0x4ac Drivers\STM32F4xx_HAL_Driver\Src\stm32f4xx_hal_cortex.o
                                0xcc7 (size before relaxing)
 .debug_str     0x00001026      0x527 Drivers\STM32F4xx_HAL_Driver\Src\stm32f4xx_hal_dma.o
                                0x7ff (size before relaxing)
 .debug_str     0x0000154d      0x1d3 Drivers\STM32F4xx_HAL_Driver\Src\stm32f4xx_hal_gpio.o
                                0x579 (size before relaxing)
 .debug_str     0x00001720      0x2e9 Drivers\STM32F4xx_HAL_Driver\Src\stm32f4xx_hal_rcc.o
                                0x74c (size before relaxing)
 .debug_str     0x00001a09      0xfef Drivers\STM32F4xx_HAL_Driver\Src\stm32f4xx_hal_tim.o
                               0x1556 (size before relaxing)
 .debug_str     0x000029f8      0x548 Drivers\STM32F4xx_HAL_Driver\Src\stm32f4xx_hal_tim_ex.o
                                0xd6e (size before relaxing)
 .debug_str     0x00002f40      0x6d2 Drivers\STM32F4xx_HAL_Driver\Src\stm32f4xx_hal_uart.o
                                0xca1 (size before relaxing)
 .debug_str     0x00003612     0x1a10 Middlewares\Third_Party\FreeRTOS\Source\CMSIS_RTOS_V2\cmsis_os2.o
                               0x1d06 (size before relaxing)
 .debug_str     0x00005022      0x143 Middlewares\Third_Party\FreeRTOS\Source\list.o
                                0x778 (size before relaxing)
 .debug_str     0x00005165      0x250 Middlewares\Third_Party\FreeRTOS\Source\portable\GCC\ARM_CM4F\port.o
                                0x4be (size before relaxing)
 .debug_str     0x000053b5      0x1e1 Middlewares\Third_Party\FreeRTOS\Source\portable\MemMang\heap_4.o
                                0x861 (size before relaxing)
 .debug_str     0x00005596      0x55e Middlewares\Third_Party\FreeRTOS\Source\queue.o
                               0x1041 (size before relaxing)
 .debug_str     0x00005af4      0x73b Middlewares\Third_Party\FreeRTOS\Source\tasks.o
                               0x146a (size before relaxing)
 .debug_str     0x0000622f      0x3eb Middlewares\Third_Party\FreeRTOS\Source\timers.o
                                0xf51 (size before relaxing)
 .debug_str     0x0000661a       0xf4 Src\at_command.o
                                0x7c4 (size before relaxing)
 .debug_str     0x0000670e      0x1a7 Src\main.o
                               0x13af (size before relaxing)
 .debug_str     0x000068b5       0x1b Src\stm32f4xx_hal_msp.o
                                0xd44 (size before relaxing)
 .debug_str     0x000068d0       0x51 Src\stm32f4xx_hal_timebase_tim.o
                                0xdd7 (size before relaxing)
 .debug_str     0x00006921       0xbd Src\stm32f4xx_it.o
                                0x90a (size before relaxing)
 .debug_str     0x000069de      0x29b Src\syscalls.o
                                0x9a4 (size before relaxing)
 .debug_str     0x00006c79       0x45 Src\system_stm32f4xx.o
                                0x3cf (size before relaxing)

.comment        0x00000000       0x7c
 .comment       0x00000000       0x7c Drivers\STM32F4xx_HAL_Driver\Src\stm32f4xx_hal.o
                                 0x7d (size before relaxing)
 .comment       0x0000007c       0x7d Drivers\STM32F4xx_HAL_Driver\Src\stm32f4xx_hal_cortex.o
 .comment       0x0000007c       0x7d Drivers\STM32F4xx_HAL_Driver\Src\stm32f4xx_hal_dma.o
 .comment       0x0000007c       0x7d Drivers\STM32F4xx_HAL_Driver\Src\stm32f4xx_hal_gpio.o
 .comment       0x0000007c       0x7d Drivers\STM32F4xx_HAL_Driver\Src\stm32f4xx_hal_rcc.o
 .comment       0x0000007c       0x7d Drivers\STM32F4xx_HAL_Driver\Src\stm32f4xx_hal_tim.o
 .comment       0x0000007c       0x7d Drivers\STM32F4xx_HAL_Driver\Src\stm32f4xx_hal_tim_ex.o
 .comment       0x0000007c       0x7d Drivers\STM32F4xx_HAL_Driver\Src\stm32f4xx_hal_uart.o
 .comment       0x0000007c       0x7d Middlewares\Third_Party\FreeRTOS\Source\CMSIS_RTOS_V2\cmsis_os2.o
 .comment       0x0000007c       0x7d Middlewares\Third_Party\FreeRTOS\Source\list.o
 .comment       0x0000007c       0x7d Middlewares\Third_Party\FreeRTOS\Source\portable\GCC\ARM_CM4F\port.o
 .comment       0x0000007c       0x7d Middlewares\Third_Party\FreeRTOS\Source\portable\MemMang\heap_4.o
 .comment       0x0000007c       0x7d Middlewares\Third_Party\FreeRTOS\Source\queue.o
 .comment       0x0000007c       0x7d Middlewares\Third_Party\FreeRTOS\Source\tasks.o
 .comment       0x0000007c       0x7d Middlewares\Third_Party\FreeRTOS\Source\timers.o
 .comment       0x0000007c       0x7d Src\at_command.o
 .comment       0x0000007c       0x7d Src\main.o
 .comment       0x0000007c       0x7d Src\stm32f4xx_hal_msp.o
 .comment       0x0000007c       0x7d Src\stm32f4xx_hal_timebase_tim.o
 .comment       0x0000007c       0x7d Src\stm32f4xx_it.o
 .comment       0x0000007c       0x7d Src\syscalls.o
 .comment       0x0000007c       0x7d Src\system_stm32f4xx.o

.debug_frame    0x00000000     0x3b48
 .debug_frame   0x00000000      0x1f0 Drivers\STM32F4xx_HAL_Driver\Src\stm32f4xx_hal.o
 .debug_frame   0x000001f0      0x180 Drivers\STM32F4xx_HAL_Driver\Src\stm32f4xx_hal_cortex.o
 .debug_frame   0x00000370      0x158 Drivers\STM32F4xx_HAL_Driver\Src\stm32f4xx_hal_dma.o
 .debug_frame   0x000004c8      0x100 Drivers\STM32F4xx_HAL_Driver\Src\stm32f4xx_hal_gpio.o
 .debug_frame   0x000005c8      0x144 Drivers\STM32F4xx_HAL_Driver\Src\stm32f4xx_hal_rcc.o
 .debug_frame   0x0000070c      0xa58 Drivers\STM32F4xx_HAL_Driver\Src\stm32f4xx_hal_tim.o
 .debug_frame   0x00001164      0x408 Drivers\STM32F4xx_HAL_Driver\Src\stm32f4xx_hal_tim_ex.o
 .debug_frame   0x0000156c      0x4b8 Drivers\STM32F4xx_HAL_Driver\Src\stm32f4xx_hal_uart.o
 .debug_frame   0x00001a24      0x65c Middlewares\Third_Party\FreeRTOS\Source\CMSIS_RTOS_V2\cmsis_os2.o
 .debug_frame   0x00002080       0x6c Middlewares\Third_Party\FreeRTOS\Source\list.o
 .debug_frame   0x000020ec       0xfc Middlewares\Third_Party\FreeRTOS\Source\portable\GCC\ARM_CM4F\port.o
 .debug_frame   0x000021e8       0x98 Middlewares\Third_Party\FreeRTOS\Source\portable\MemMang\heap_4.o
 .debug_frame   0x00002280      0x3ac Middlewares\Third_Party\FreeRTOS\Source\queue.o
 .debug_frame   0x0000262c      0x56c Middlewares\Third_Party\FreeRTOS\Source\tasks.o
 .debug_frame   0x00002b98      0x1bc Middlewares\Third_Party\FreeRTOS\Source\timers.o
 .debug_frame   0x00002d54       0xa0 Src\at_command.o
 .debug_frame   0x00002df4      0x184 Src\main.o
 .debug_frame   0x00002f78       0x68 Src\stm32f4xx_hal_msp.o
 .debug_frame   0x00002fe0       0x54 Src\stm32f4xx_hal_timebase_tim.o
 .debug_frame   0x00003034       0xa0 Src\stm32f4xx_it.o
 .debug_frame   0x000030d4      0x1a4 Src\syscalls.o
 .debug_frame   0x00003278       0x38 Src\system_stm32f4xx.o
 .debug_frame   0x000032b0       0x20 c:/program files (x86)/atollic/truestudio for stm32 9.3.0/armtools/bin/../lib/gcc/arm-atollic-eabi/6.3.1/../../../../arm-atollic-eabi/lib/armv7e-m/fpu\libc_nano.a(lib_a-errno.o)
 .debug_frame   0x000032d0       0x2c c:/program files (x86)/atollic/truestudio for stm32 9.3.0/armtools/bin/../lib/gcc/arm-atollic-eabi/6.3.1/../../../../arm-atollic-eabi/lib/armv7e-m/fpu\libc_nano.a(lib_a-init.o)
 .debug_frame   0x000032fc       0x28 c:/program files (x86)/atollic/truestudio for stm32 9.3.0/armtools/bin/../lib/gcc/arm-atollic-eabi/6.3.1/../../../../arm-atollic-eabi/lib/armv7e-m/fpu\libc_nano.a(lib_a-memcpy-stub.o)
 .debug_frame   0x00003324       0x20 c:/program files (x86)/atollic/truestudio for stm32 9.3.0/armtools/bin/../lib/gcc/arm-atollic-eabi/6.3.1/../../../../arm-atollic-eabi/lib/armv7e-m/fpu\libc_nano.a(lib_a-memset.o)
 .debug_frame   0x00003344       0x74 c:/program files (x86)/atollic/truestudio for stm32 9.3.0/armtools/bin/../lib/gcc/arm-atollic-eabi/6.3.1/../../../../arm-atollic-eabi/lib/armv7e-m/fpu\libc_nano.a(lib_a-printf.o)
 .debug_frame   0x000033b8       0x58 c:/program files (x86)/atollic/truestudio for stm32 9.3.0/armtools/bin/../lib/gcc/arm-atollic-eabi/6.3.1/../../../../arm-atollic-eabi/lib/armv7e-m/fpu\libc_nano.a(lib_a-putchar.o)
 .debug_frame   0x00003410       0x3c c:/program files (x86)/atollic/truestudio for stm32 9.3.0/armtools/bin/../lib/gcc/arm-atollic-eabi/6.3.1/../../../../arm-atollic-eabi/lib/armv7e-m/fpu\libc_nano.a(lib_a-puts.o)
 .debug_frame   0x0000344c       0x40 c:/program files (x86)/atollic/truestudio for stm32 9.3.0/armtools/bin/../lib/gcc/arm-atollic-eabi/6.3.1/../../../../arm-atollic-eabi/lib/armv7e-m/fpu\libc_nano.a(lib_a-wbuf.o)
 .debug_frame   0x0000348c       0x2c c:/program files (x86)/atollic/truestudio for stm32 9.3.0/armtools/bin/../lib/gcc/arm-atollic-eabi/6.3.1/../../../../arm-atollic-eabi/lib/armv7e-m/fpu\libc_nano.a(lib_a-wsetup.o)
 .debug_frame   0x000034b8       0x68 c:/program files (x86)/atollic/truestudio for stm32 9.3.0/armtools/bin/../lib/gcc/arm-atollic-eabi/6.3.1/../../../../arm-atollic-eabi/lib/armv7e-m/fpu\libc_nano.a(lib_a-fflush.o)
 .debug_frame   0x00003520      0x11c c:/program files (x86)/atollic/truestudio for stm32 9.3.0/armtools/bin/../lib/gcc/arm-atollic-eabi/6.3.1/../../../../arm-atollic-eabi/lib/armv7e-m/fpu\libc_nano.a(lib_a-findfp.o)
 .debug_frame   0x0000363c       0x54 c:/program files (x86)/atollic/truestudio for stm32 9.3.0/armtools/bin/../lib/gcc/arm-atollic-eabi/6.3.1/../../../../arm-atollic-eabi/lib/armv7e-m/fpu\libc_nano.a(lib_a-fwalk.o)
 .debug_frame   0x00003690       0x58 c:/program files (x86)/atollic/truestudio for stm32 9.3.0/armtools/bin/../lib/gcc/arm-atollic-eabi/6.3.1/../../../../arm-atollic-eabi/lib/armv7e-m/fpu\libc_nano.a(lib_a-makebuf.o)
 .debug_frame   0x000036e8       0x38 c:/program files (x86)/atollic/truestudio for stm32 9.3.0/armtools/bin/../lib/gcc/arm-atollic-eabi/6.3.1/../../../../arm-atollic-eabi/lib/armv7e-m/fpu\libc_nano.a(lib_a-nano-freer.o)
 .debug_frame   0x00003720       0x2c c:/program files (x86)/atollic/truestudio for stm32 9.3.0/armtools/bin/../lib/gcc/arm-atollic-eabi/6.3.1/../../../../arm-atollic-eabi/lib/armv7e-m/fpu\libc_nano.a(lib_a-nano-mallocr.o)
 .debug_frame   0x0000374c       0xac c:/program files (x86)/atollic/truestudio for stm32 9.3.0/armtools/bin/../lib/gcc/arm-atollic-eabi/6.3.1/../../../../arm-atollic-eabi/lib/armv7e-m/fpu\libc_nano.a(lib_a-nano-vfprintf.o)